Archive member included because of file (symbol)

/home/grappendorf/workspace-arduino/arduino-framework/atmega168_16000000/libarduino.a(ps2dev.o)
                              ./cbmkeyboard.o (_ZN6PS2devC1Eii)
/home/grappendorf/workspace-arduino/arduino-framework/atmega168_16000000/libarduino.a(HardwareSerial.o)
                              ./cbmkeyboard.o (_ZN14HardwareSerial9availableEv)
/home/grappendorf/workspace-arduino/arduino-framework/atmega168_16000000/libarduino.a(Print.o)
                              /home/grappendorf/workspace-arduino/arduino-framework/atmega168_16000000/libarduino.a(HardwareSerial.o) (_ZN5Print5writeEPKhj)
/home/grappendorf/workspace-arduino/arduino-framework/atmega168_16000000/libarduino.a(WString.o)
                              /home/grappendorf/workspace-arduino/arduino-framework/atmega168_16000000/libarduino.a(Print.o) (_ZNK6StringixEj)
/home/grappendorf/workspace-arduino/arduino-framework/atmega168_16000000/libarduino.a(new.o)
                              /home/grappendorf/workspace-arduino/arduino-framework/atmega168_16000000/libarduino.a(HardwareSerial.o) (_ZdlPv)
/home/grappendorf/workspace-arduino/arduino-framework/atmega168_16000000/libarduino.a(wiring.o)
                              ./cbmkeyboard.o (millis)
/home/grappendorf/workspace-arduino/arduino-framework/atmega168_16000000/libarduino.a(wiring_digital.o)
                              ./cbmkeyboard.o (pinMode)
/usr/lib/gcc/avr/4.5.3/avr5/libgcc.a(_divmodhi4.o)
                              /home/grappendorf/workspace-arduino/arduino-framework/atmega168_16000000/libarduino.a(HardwareSerial.o) (__divmodhi4)
/usr/lib/gcc/avr/4.5.3/avr5/libgcc.a(_udivmodsi4.o)
                              /home/grappendorf/workspace-arduino/arduino-framework/atmega168_16000000/libarduino.a(HardwareSerial.o) (__udivmodsi4)
/usr/lib/gcc/avr/4.5.3/avr5/libgcc.a(_exit.o)
                              /usr/lib/gcc/avr/4.5.3/../../../../avr/lib/avr5/crtm168.o (exit)
/usr/lib/gcc/avr/4.5.3/avr5/libgcc.a(_copy_data.o)
                              ./cbmkeyboard.o (__do_copy_data)
/usr/lib/gcc/avr/4.5.3/avr5/libgcc.a(_clear_bss.o)
                              ./cbmkeyboard.o (__do_clear_bss)
/usr/lib/gcc/avr/4.5.3/avr5/libgcc.a(_ctors.o)
                              ./cbmkeyboard.o (__do_global_ctors)
/usr/lib/gcc/avr/4.5.3/avr5/libgcc.a(_dtors.o)
                              /home/grappendorf/workspace-arduino/arduino-framework/atmega168_16000000/libarduino.a(HardwareSerial.o) (__do_global_dtors)
/usr/lib/gcc/avr/4.5.3/avr5/libgcc.a(_fixunssfsi.o)
                              /home/grappendorf/workspace-arduino/arduino-framework/atmega168_16000000/libarduino.a(Print.o) (__fixunssfsi)
/usr/lib/gcc/avr/4.5.3/avr5/libgcc.a(_addsub_sf.o)
                              /home/grappendorf/workspace-arduino/arduino-framework/atmega168_16000000/libarduino.a(Print.o) (__addsf3)
/usr/lib/gcc/avr/4.5.3/avr5/libgcc.a(_mul_sf.o)
                              /home/grappendorf/workspace-arduino/arduino-framework/atmega168_16000000/libarduino.a(Print.o) (__mulsf3)
/usr/lib/gcc/avr/4.5.3/avr5/libgcc.a(_div_sf.o)
                              /home/grappendorf/workspace-arduino/arduino-framework/atmega168_16000000/libarduino.a(Print.o) (__divsf3)
/usr/lib/gcc/avr/4.5.3/avr5/libgcc.a(_ge_sf.o)
                              /usr/lib/gcc/avr/4.5.3/avr5/libgcc.a(_fixunssfsi.o) (__gesf2)
/usr/lib/gcc/avr/4.5.3/avr5/libgcc.a(_lt_sf.o)
                              /home/grappendorf/workspace-arduino/arduino-framework/atmega168_16000000/libarduino.a(Print.o) (__ltsf2)
/usr/lib/gcc/avr/4.5.3/avr5/libgcc.a(_si_to_sf.o)
                              /home/grappendorf/workspace-arduino/arduino-framework/atmega168_16000000/libarduino.a(Print.o) (__floatsisf)
/usr/lib/gcc/avr/4.5.3/avr5/libgcc.a(_sf_to_si.o)
                              /home/grappendorf/workspace-arduino/arduino-framework/atmega168_16000000/libarduino.a(Print.o) (__fixsfsi)
/usr/lib/gcc/avr/4.5.3/avr5/libgcc.a(_thenan_sf.o)
                              /usr/lib/gcc/avr/4.5.3/avr5/libgcc.a(_addsub_sf.o) (__thenan_sf)
/usr/lib/gcc/avr/4.5.3/avr5/libgcc.a(_usi_to_sf.o)
                              /home/grappendorf/workspace-arduino/arduino-framework/atmega168_16000000/libarduino.a(Print.o) (__floatunsisf)
/usr/lib/gcc/avr/4.5.3/avr5/libgcc.a(_udivmodhi4.o)
                              /usr/lib/gcc/avr/4.5.3/avr5/libgcc.a(_divmodhi4.o) (__udivmodhi4)
/usr/lib/gcc/avr/4.5.3/avr5/libgcc.a(_prologue.o)
                              /usr/lib/gcc/avr/4.5.3/avr5/libgcc.a(_addsub_sf.o) (__prologue_saves__)
/usr/lib/gcc/avr/4.5.3/avr5/libgcc.a(_epilogue.o)
                              /usr/lib/gcc/avr/4.5.3/avr5/libgcc.a(_addsub_sf.o) (__epilogue_restores__)
/usr/lib/gcc/avr/4.5.3/avr5/libgcc.a(_tablejump.o)
                              /usr/lib/gcc/avr/4.5.3/avr5/libgcc.a(_ctors.o) (__tablejump__)
/usr/lib/gcc/avr/4.5.3/avr5/libgcc.a(_clzsi2.o)
[...]
Memory Configuration

Name             Origin             Length             Attributes
text             0x0000000000000000 0x0000000000020000 xr
data             0x0000000000800060 0x000000000000ffa0 rw !x
eeprom           0x0000000000810000 0x0000000000010000 rw !x
fuse             0x0000000000820000 0x0000000000000400 rw !x
lock             0x0000000000830000 0x0000000000000400 rw !x
signature        0x0000000000840000 0x0000000000000400 rw !x
*default*        0x0000000000000000 0xffffffffffffffff

Linker script and memory map

Address of section .data set to 0x800100
LOAD /usr/lib/gcc/avr/4.5.3/../../../../avr/lib/avr5/crtm168.o
LOAD ./cbmkeyboard.o
LOAD /home/grappendorf/workspace-arduino/arduino-framework/atmega168_16000000/libarduino.a
LOAD /usr/lib/gcc/avr/4.5.3/avr5/libgcc.a
LOAD /usr/lib/gcc/avr/4.5.3/../../../../avr/lib/avr5/libm.a
LOAD /usr/lib/gcc/avr/4.5.3/avr5/libgcc.a
LOAD /usr/lib/gcc/avr/4.5.3/../../../../avr/lib/avr5/libc.a
LOAD /usr/lib/gcc/avr/4.5.3/avr5/libgcc.a

.hash
 *(.hash)

.dynsym
 *(.dynsym)

.dynstr
 *(.dynstr)

.gnu.version
 *(.gnu.version)

.gnu.version_d
 *(.gnu.version_d)

.gnu.version_r
 *(.gnu.version_r)

.rel.init
 *(.rel.init)

.rela.init
 *(.rela.init)

.rel.text
 *(.rel.text)
 *(.rel.text.*)
 *(.rel.gnu.linkonce.t*)

.rela.text
 *(.rela.text)
 *(.rela.text.*)
 *(.rela.gnu.linkonce.t*)

.rel.fini
 *(.rel.fini)

.rela.fini
 *(.rela.fini)

.rel.rodata
 *(.rel.rodata)
 *(.rel.rodata.*)
 *(.rel.gnu.linkonce.r*)

.rela.rodata
 *(.rela.rodata)
 *(.rela.rodata.*)
 *(.rela.gnu.linkonce.r*)

.rel.data
 *(.rel.data)
 *(.rel.data.*)
 *(.rel.gnu.linkonce.d*)

.rela.data
 *(.rela.data)
 *(.rela.data.*)
 *(.rela.gnu.linkonce.d*)

.rel.ctors
 *(.rel.ctors)

.rela.ctors
 *(.rela.ctors)

.rel.dtors
 *(.rel.dtors)

.rela.dtors
 *(.rela.dtors)

.rel.got
 *(.rel.got)

.rela.got
 *(.rela.got)

.rel.bss
 *(.rel.bss)

.rela.bss
 *(.rela.bss)

.rel.plt
 *(.rel.plt)

.rela.plt
 *(.rela.plt)

.text           0x0000000000000000     0x208c
 *(.vectors)
 .vectors       0x0000000000000000       0x68 /usr/lib/gcc/avr/4.5.3/../../../../avr/lib/avr5/crtm168.o
                0x0000000000000000                __vectors
                0x0000000000000000                __vector_default
 *(.vectors)
 *(.progmem.gcc*)
 *(.progmem*)
 .progmem.data  0x0000000000000068      0x188 ./cbmkeyboard.o
                0x0000000000000068                typematicDelayIntervalls
                0x0000000000000070                typematicRepeatIntervalls
                0x00000000000000b0                makeCodes
                0x0000000000000150                makeCodesShift
 .progmem.data  0x00000000000001f0       0x5a /home/grappendorf/workspace-arduino/arduino-framework/atmega168_16000000/libarduino.a(wiring_digital.o)
                0x00000000000001f0                port_to_mode_PGM
                0x00000000000001fa                port_to_output_PGM
                0x0000000000000204                port_to_input_PGM
                0x000000000000020e                digital_pin_to_port_PGM
                0x0000000000000222                digital_pin_to_bit_mask_PGM
                0x0000000000000236                digital_pin_to_timer_PGM
 .progmem.data  0x000000000000024a        0xc /usr/lib/gcc/avr/4.5.3/../../../../avr/lib/avr5/libc.a(vfscanf_std.o)
                0x0000000000000256                . = ALIGN (0x2)
                0x0000000000000256                __trampolines_start = .
 *(.trampolines)
 .trampolines   0x0000000000000256        0x0 linker stubs
 *(.trampolines*)
                0x0000000000000256                __trampolines_end = .
 *(.jumptables)
 *(.jumptables*)
 *(.lowtext)
 *(.lowtext*)
                0x0000000000000256                __ctors_start = .
 *(.ctors)
 .ctors         0x0000000000000256        0x2 ./cbmkeyboard.o
 .ctors         0x0000000000000258        0x2 /home/grappendorf/workspace-arduino/arduino-framework/atmega168_16000000/libarduino.a(HardwareSerial.o)
                0x000000000000025a                __ctors_end = .
                0x000000000000025a                __dtors_start = .
 *(.dtors)
 .dtors         0x000000000000025a        0x2 /home/grappendorf/workspace-arduino/arduino-framework/atmega168_16000000/libarduino.a(HardwareSerial.o)
                0x000000000000025c                __dtors_end = .
 SORT(*)(.ctors)
 SORT(*)(.dtors)
 *(.init0)
 .init0         0x000000000000025c        0x0 /usr/lib/gcc/avr/4.5.3/../../../../avr/lib/avr5/crtm168.o
                0x000000000000025c                __init
 *(.init0)
 *(.init1)
 *(.init1)
 *(.init2)
 .init2         0x000000000000025c        0xc /usr/lib/gcc/avr/4.5.3/../../../../avr/lib/avr5/crtm168.o
 *(.init2)
 *(.init3)
 *(.init3)
 *(.init4)
 .init4         0x0000000000000268       0x16 /usr/lib/gcc/avr/4.5.3/avr5/libgcc.a(_copy_data.o)
                0x0000000000000268                __do_copy_data
 .init4         0x000000000000027e       0x10 /usr/lib/gcc/avr/4.5.3/avr5/libgcc.a(_clear_bss.o)
                0x000000000000027e                __do_clear_bss
 *(.init4)
 *(.init5)
 *(.init5)
 *(.init6)
 .init6         0x000000000000028e       0x16 /usr/lib/gcc/avr/4.5.3/avr5/libgcc.a(_ctors.o)
                0x000000000000028e                __do_global_ctors
 *(.init6)
 *(.init7)
 *(.init7)
 *(.init8)
 *(.init8)
 *(.init9)
 .init9         0x00000000000002a4        0x6 /usr/lib/gcc/avr/4.5.3/../../../../avr/lib/avr5/crtm168.o
 *(.init9)
 *(.text)
 .text          0x00000000000002aa        0x2 /usr/lib/gcc/avr/4.5.3/../../../../avr/lib/avr5/crtm168.o
                0x00000000000002aa                __vector_22
                0x00000000000002aa                __vector_1
                0x00000000000002aa                __vector_24
                0x00000000000002aa                __vector_12
                0x00000000000002aa                __bad_interrupt
                0x00000000000002aa                __vector_6
                0x00000000000002aa                __vector_3
                0x00000000000002aa                __vector_23
                0x00000000000002aa                __vector_25
                0x00000000000002aa                __vector_11
                0x00000000000002aa                __vector_13
                0x00000000000002aa                __vector_17
                0x00000000000002aa                __vector_7
                0x00000000000002aa                __vector_5
                0x00000000000002aa                __vector_4
                0x00000000000002aa                __vector_9
                0x00000000000002aa                __vector_2
                0x00000000000002aa                __vector_21
                0x00000000000002aa                __vector_15
                0x00000000000002aa                __vector_8
                0x00000000000002aa                __vector_14
                0x00000000000002aa                __vector_10
                0x00000000000002aa                __vector_20
                0x00000000000002ac                . = ALIGN (0x2)
 *(.text.*)
 .text._Z8ps2Writeh
                0x00000000000002ac       0x14 ./cbmkeyboard.o
                0x00000000000002ac                _Z8ps2Writeh
 .text._Z12ps2Availablev
                0x00000000000002c0       0x1e ./cbmkeyboard.o
                0x00000000000002c0                _Z12ps2Availablev
 .text._Z7ps2Readv
                0x00000000000002de       0x20 ./cbmkeyboard.o
                0x00000000000002de                _Z7ps2Readv
 .text._Z12selectColumni
                0x00000000000002fe       0x60 ./cbmkeyboard.o
                0x00000000000002fe                _Z12selectColumni
 .text._Z7readRowv
                0x000000000000035e       0x92 ./cbmkeyboard.o
                0x000000000000035e                _Z7readRowv
 .text._Z12scanKeyboardPh
                0x00000000000003f0       0xd6 ./cbmkeyboard.o
                0x00000000000003f0                _Z12scanKeyboardPh
 .text.setup    0x00000000000004c6       0xc4 ./cbmkeyboard.o
                0x00000000000004c6                setup
 .text._Z8blinkLedv
                0x000000000000058a       0x5e ./cbmkeyboard.o
                0x000000000000058a                _Z8blinkLedv
 .text._Z11calmDownLedv
                0x00000000000005e8       0x28 ./cbmkeyboard.o
                0x00000000000005e8                _Z11calmDownLedv
 .text._Z13doPs2Protocolv
                0x0000000000000610      0x148 ./cbmkeyboard.o
                0x0000000000000610                _Z13doPs2Protocolv
 .text._Z16doSerialProtocolv
                0x0000000000000758      0x16c ./cbmkeyboard.o
                0x0000000000000758                _Z16doSerialProtocolv
 .text._Z11getMakeCodev
                0x00000000000008c4       0x30 ./cbmkeyboard.o
                0x00000000000008c4                _Z11getMakeCodev
 .text._Z17sendModifiersMakev
                0x00000000000008f4       0x3e ./cbmkeyboard.o
                0x00000000000008f4                _Z17sendModifiersMakev
 .text._Z18sendModifiersBreakv
                0x0000000000000932       0x4e ./cbmkeyboard.o
                0x0000000000000932                _Z18sendModifiersBreakv
 .text._Z11sendKeyMakev
                0x0000000000000980       0x1e ./cbmkeyboard.o
                0x0000000000000980                _Z11sendKeyMakev
 .text._Z12sendKeyBreakv
                0x000000000000099e       0x22 ./cbmkeyboard.o
                0x000000000000099e                _Z12sendKeyBreakv
 .text._Z10doKeyboardv
                0x00000000000009c0      0x11a ./cbmkeyboard.o
                0x00000000000009c0                _Z10doKeyboardv
 .text.main     0x0000000000000ada       0x10 ./cbmkeyboard.o
                0x0000000000000ada                main
 .text._GLOBAL__I_typematicDelayIntervalls
                0x0000000000000aea        0xe ./cbmkeyboard.o
 .text._ZN6PS2dev4gohiEi
                0x0000000000000af8       0x14 /home/grappendorf/workspace-arduino/arduino-framework/atmega168_16000000/libarduino.a(ps2dev.o)
                0x0000000000000af8                _ZN6PS2dev4gohiEi
 .text._ZN6PS2devC2Eii
                0x0000000000000b0c       0x1e /home/grappendorf/workspace-arduino/arduino-framework/atmega168_16000000/libarduino.a(ps2dev.o)
                0x0000000000000b0c                _ZN6PS2devC2Eii
                0x0000000000000b0c                _ZN6PS2devC1Eii
 .text._ZN6PS2dev4goloEi
                0x0000000000000b2a       0x14 /home/grappendorf/workspace-arduino/arduino-framework/atmega168_16000000/libarduino.a(ps2dev.o)
                0x0000000000000b2a                _ZN6PS2dev4goloEi
 .text._ZN6PS2dev5writeEh
                0x0000000000000b3e      0x12c /home/grappendorf/workspace-arduino/arduino-framework/atmega168_16000000/libarduino.a(ps2dev.o)
                0x0000000000000b3e                _ZN6PS2dev5writeEh
 .text._ZN6PS2dev4readEPh
                0x0000000000000c6a       0xf2 /home/grappendorf/workspace-arduino/arduino-framework/atmega168_16000000/libarduino.a(ps2dev.o)
                0x0000000000000c6a                _ZN6PS2dev4readEPh
 .text._ZN14HardwareSerialD1Ev
                0x0000000000000d5c        0xc /home/grappendorf/workspace-arduino/arduino-framework/atmega168_16000000/libarduino.a(HardwareSerial.o)
                0x0000000000000d5c                _ZN14HardwareSerialD1Ev
 .text._ZN14HardwareSerial9availableEv
                0x0000000000000d68       0x26 /home/grappendorf/workspace-arduino/arduino-framework/atmega168_16000000/libarduino.a(HardwareSerial.o)
                0x0000000000000d68                _ZN14HardwareSerial9availableEv
 .text._ZN14HardwareSerial4peekEv
                0x0000000000000d8e       0x38 /home/grappendorf/workspace-arduino/arduino-framework/atmega168_16000000/libarduino.a(HardwareSerial.o)
                0x0000000000000d8e                _ZN14HardwareSerial4peekEv
 .text._ZN14HardwareSerial4readEv
                0x0000000000000dc6       0x44 /home/grappendorf/workspace-arduino/arduino-framework/atmega168_16000000/libarduino.a(HardwareSerial.o)
                0x0000000000000dc6                _ZN14HardwareSerial4readEv
 .text._ZN14HardwareSerial5flushEv
                0x0000000000000e0a       0x28 /home/grappendorf/workspace-arduino/arduino-framework/atmega168_16000000/libarduino.a(HardwareSerial.o)
                0x0000000000000e0a                _ZN14HardwareSerial5flushEv
 .text._ZN14HardwareSerial5writeEh
                0x0000000000000e32       0x70 /home/grappendorf/workspace-arduino/arduino-framework/atmega168_16000000/libarduino.a(HardwareSerial.o)
                0x0000000000000e32                _ZN14HardwareSerial5writeEh
 .text._ZN14HardwareSerialD0Ev
                0x0000000000000ea2        0xc /home/grappendorf/workspace-arduino/arduino-framework/atmega168_16000000/libarduino.a(HardwareSerial.o)
                0x0000000000000ea2                _ZN14HardwareSerialD0Ev
 .text._Z41__static_initialization_and_destruction_0ii.clone.0
                0x0000000000000eae       0x98 /home/grappendorf/workspace-arduino/arduino-framework/atmega168_16000000/libarduino.a(HardwareSerial.o)
 .text._Z10store_charhP11ring_buffer
                0x0000000000000f46       0x34 /home/grappendorf/workspace-arduino/arduino-framework/atmega168_16000000/libarduino.a(HardwareSerial.o)
                0x0000000000000f46                _Z10store_charhP11ring_buffer
 .text.__vector_18
                0x0000000000000f7a       0x4e /home/grappendorf/workspace-arduino/arduino-framework/atmega168_16000000/libarduino.a(HardwareSerial.o)
                0x0000000000000f7a                __vector_18
 .text.__vector_19
                0x0000000000000fc8       0x8c /home/grappendorf/workspace-arduino/arduino-framework/atmega168_16000000/libarduino.a(HardwareSerial.o)
                0x0000000000000fc8                __vector_19
 .text._ZN14HardwareSerial5beginEm
                0x0000000000001054       0xfa /home/grappendorf/workspace-arduino/arduino-framework/atmega168_16000000/libarduino.a(HardwareSerial.o)
                0x0000000000001054                _ZN14HardwareSerial5beginEm
 .text._GLOBAL__I_rx_buffer
                0x000000000000114e        0x6 /home/grappendorf/workspace-arduino/arduino-framework/atmega168_16000000/libarduino.a(HardwareSerial.o)
 .text._GLOBAL__D_rx_buffer
                0x0000000000001154        0x6 /home/grappendorf/workspace-arduino/arduino-framework/atmega168_16000000/libarduino.a(HardwareSerial.o)
 .text._ZN5Print5writeEPKc
                0x000000000000115a       0x22 /home/grappendorf/workspace-arduino/arduino-framework/atmega168_16000000/libarduino.a(Print.o)
                0x000000000000115a                _ZN5Print5writeEPKc
 .text._ZN5Print5writeEPKhj
                0x000000000000117c       0x54 /home/grappendorf/workspace-arduino/arduino-framework/atmega168_16000000/libarduino.a(Print.o)
                0x000000000000117c                _ZN5Print5writeEPKhj
 .text._ZN5Print5printEPKc
                0x00000000000011d0        0x4 /home/grappendorf/workspace-arduino/arduino-framework/atmega168_16000000/libarduino.a(Print.o)
                0x00000000000011d0                _ZN5Print5printEPKc
 .text._ZN5Print5printEc
                0x00000000000011d4       0x10 /home/grappendorf/workspace-arduino/arduino-framework/atmega168_16000000/libarduino.a(Print.o)
                0x00000000000011d4                _ZN5Print5printEc
 .text._ZN5Print7printlnEv
                0x00000000000011e4       0x26 /home/grappendorf/workspace-arduino/arduino-framework/atmega168_16000000/libarduino.a(Print.o)
                0x00000000000011e4                _ZN5Print7printlnEv
 .text._ZN5Print11printNumberEmh
                0x000000000000120a       0xb0 /home/grappendorf/workspace-arduino/arduino-framework/atmega168_16000000/libarduino.a(Print.o)
                0x000000000000120a                _ZN5Print11printNumberEmh
 .text._ZN5Print5printEmi
                0x00000000000012ba       0x1a /home/grappendorf/workspace-arduino/arduino-framework/atmega168_16000000/libarduino.a(Print.o)
                0x00000000000012ba                _ZN5Print5printEmi
 .text._ZN5Print7printlnEhi
                0x00000000000012d4       0x2c /home/grappendorf/workspace-arduino/arduino-framework/atmega168_16000000/libarduino.a(Print.o)
                0x00000000000012d4                _ZN5Print7printlnEhi
 .text._ZN5Print5printEli
                0x0000000000001300       0x70 /home/grappendorf/workspace-arduino/arduino-framework/atmega168_16000000/libarduino.a(Print.o)
                0x0000000000001300                _ZN5Print5printEli
 .text._ZN5Print5printEii
                0x0000000000001370       0x10 /home/grappendorf/workspace-arduino/arduino-framework/atmega168_16000000/libarduino.a(Print.o)
                0x0000000000001370                _ZN5Print5printEii
 .text._ZdlPv   0x0000000000001380        0x4 /home/grappendorf/workspace-arduino/arduino-framework/atmega168_16000000/libarduino.a(new.o)
                0x0000000000001380                _ZdlPv
 .text.__vector_16
                0x0000000000001384       0x90 /home/grappendorf/workspace-arduino/arduino-framework/atmega168_16000000/libarduino.a(wiring.o)
                0x0000000000001384                __vector_16
 .text.millis   0x0000000000001414       0x1c /home/grappendorf/workspace-arduino/arduino-framework/atmega168_16000000/libarduino.a(wiring.o)
                0x0000000000001414                millis
 .text.micros   0x0000000000001430       0x4c /home/grappendorf/workspace-arduino/arduino-framework/atmega168_16000000/libarduino.a(wiring.o)
                0x0000000000001430                micros
 .text.delay    0x000000000000147c       0x4a /home/grappendorf/workspace-arduino/arduino-framework/atmega168_16000000/libarduino.a(wiring.o)
                0x000000000000147c                delay
 .text.delayMicroseconds
                0x00000000000014c6       0x14 /home/grappendorf/workspace-arduino/arduino-framework/atmega168_16000000/libarduino.a(wiring.o)
                0x00000000000014c6                delayMicroseconds
 .text.init     0x00000000000014da       0x76 /home/grappendorf/workspace-arduino/arduino-framework/atmega168_16000000/libarduino.a(wiring.o)
                0x00000000000014da                init
 .text.turnOffPWM
                0x0000000000001550       0x5a /home/grappendorf/workspace-arduino/arduino-framework/atmega168_16000000/libarduino.a(wiring_digital.o)
 .text.pinMode  0x00000000000015aa       0x48 /home/grappendorf/workspace-arduino/arduino-framework/atmega168_16000000/libarduino.a(wiring_digital.o)
                0x00000000000015aa                pinMode
 .text.digitalWrite
                0x00000000000015f2       0x6e /home/grappendorf/workspace-arduino/arduino-framework/atmega168_16000000/libarduino.a(wiring_digital.o)
                0x00000000000015f2                digitalWrite
 .text.digitalRead
                0x0000000000001660       0x52 /home/grappendorf/workspace-arduino/arduino-framework/atmega168_16000000/libarduino.a(wiring_digital.o)
                0x0000000000001660                digitalRead
 .text.libgcc   0x00000000000016b2       0x26 /usr/lib/gcc/avr/4.5.3/avr5/libgcc.a(_divmodhi4.o)
                0x00000000000016b2                __divmodhi4
                0x00000000000016b2                _div
 .text.libgcc   0x00000000000016d8       0x44 /usr/lib/gcc/avr/4.5.3/avr5/libgcc.a(_udivmodsi4.o)
                0x00000000000016d8                __udivmodsi4
 .text.libgcc   0x000000000000171c       0x28 /usr/lib/gcc/avr/4.5.3/avr5/libgcc.a(_udivmodhi4.o)
                0x000000000000171c                __udivmodhi4
 .text.libgcc   0x0000000000001744       0x38 /usr/lib/gcc/avr/4.5.3/avr5/libgcc.a(_prologue.o)
                0x0000000000001744                __prologue_saves__
 .text.libgcc   0x000000000000177c       0x36 /usr/lib/gcc/avr/4.5.3/avr5/libgcc.a(_epilogue.o)
                0x000000000000177c                __epilogue_restores__
 .text.libgcc   0x00000000000017b2        0xc /usr/lib/gcc/avr/4.5.3/avr5/libgcc.a(_tablejump.o)
                0x00000000000017b2                __tablejump2__
                0x00000000000017b6                __tablejump__
 .text.avr-libc
                0x00000000000017be      0x266 /usr/lib/gcc/avr/4.5.3/../../../../avr/lib/avr5/libc.a(malloc.o)
                0x00000000000017be                malloc
                0x00000000000018f2                free
 .text.avr-libc
                0x0000000000001a24       0x10 /usr/lib/gcc/avr/4.5.3/../../../../avr/lib/avr5/libc.a(isspace.o)
                0x0000000000001a24                isspace
 .text.avr-libc
                0x0000000000001a34       0x2e /usr/lib/gcc/avr/4.5.3/../../../../avr/lib/avr5/libc.a(sscanf.o)
                0x0000000000001a34                sscanf
 .text.avr-libc
                0x0000000000001a62      0x53c /usr/lib/gcc/avr/4.5.3/../../../../avr/lib/avr5/libc.a(vfscanf_std.o)
                0x0000000000001d6c                vfscanf
 .text.avr-libc
                0x0000000000001f9e        0x6 /usr/lib/gcc/avr/4.5.3/../../../../avr/lib/avr5/libc.a(cty_isfalse.o)
                0x0000000000001f9e                __ctype_isfalse
                0x0000000000001fa2                __ctype_istrue
 .text.avr-libc
                0x0000000000001fa4       0x16 /usr/lib/gcc/avr/4.5.3/../../../../avr/lib/avr5/libc.a(strchr_P.o)
                0x0000000000001fa4                strchr_P
 .text.avr-libc
                0x0000000000001fba       0x84 /usr/lib/gcc/avr/4.5.3/../../../../avr/lib/avr5/libc.a(fgetc.o)
                0x0000000000001fba                fgetc
 .text.avr-libc
                0x000000000000203e       0x36 /usr/lib/gcc/avr/4.5.3/../../../../avr/lib/avr5/libc.a(ungetc.o)
                0x000000000000203e                ungetc
                0x0000000000002074                . = ALIGN (0x2)
 *(.fini9)
 .fini9         0x0000000000002074        0x0 /usr/lib/gcc/avr/4.5.3/avr5/libgcc.a(_exit.o)
                0x0000000000002074                exit
                0x0000000000002074                _exit
 *(.fini9)
 *(.fini8)
 *(.fini8)
 *(.fini7)
 *(.fini7)
 *(.fini6)
 .fini6         0x0000000000002074       0x14 /usr/lib/gcc/avr/4.5.3/avr5/libgcc.a(_dtors.o)
                0x0000000000002074                __do_global_dtors
 *(.fini6)
 *(.fini5)
 *(.fini5)
 *(.fini4)
 *(.fini4)
 *(.fini3)
 *(.fini3)
 *(.fini2)
 *(.fini2)
 *(.fini1)
 *(.fini1)
 *(.fini0)
 .fini0         0x0000000000002088        0x4 /usr/lib/gcc/avr/4.5.3/avr5/libgcc.a(_exit.o)
 *(.fini0)
                0x000000000000208c                _etext = .

.data           0x0000000000800100      0x15a load address 0x000000000000208c
                0x0000000000800100                PROVIDE (__data_start, .)
 *(.data)
 .data          0x0000000000800100        0x0 /usr/lib/gcc/avr/4.5.3/../../../../avr/lib/avr5/crtm168.o
 .data          0x0000000000800100       0x22 ./cbmkeyboard.o
 .data          0x0000000000800122        0x0 /home/grappendorf/workspace-arduino/arduino-framework/atmega168_16000000/libarduino.a(ps2dev.o)
 .data          0x0000000000800122        0x0 /home/grappendorf/workspace-arduino/arduino-framework/atmega168_16000000/libarduino.a(HardwareSerial.o)
 .data          0x0000000000800122        0x2 /home/grappendorf/workspace-arduino/arduino-framework/atmega168_16000000/libarduino.a(Print.o)
 .data          0x0000000000800124        0x1 /home/grappendorf/workspace-arduino/arduino-framework/atmega168_16000000/libarduino.a(WString.o)
 .data          0x0000000000800125        0x0 /home/grappendorf/workspace-arduino/arduino-framework/atmega168_16000000/libarduino.a(new.o)
 .data          0x0000000000800125        0x0 /home/grappendorf/workspace-arduino/arduino-framework/atmega168_16000000/libarduino.a(wiring.o)
 .data          0x0000000000800125        0x0 /home/grappendorf/workspace-arduino/arduino-framework/atmega168_16000000/libarduino.a(wiring_digital.o)
 .data          0x0000000000800125        0x0 /usr/lib/gcc/avr/4.5.3/avr5/libgcc.a(_divmodhi4.o)
 .data          0x0000000000800125        0x0 /usr/lib/gcc/avr/4.5.3/avr5/libgcc.a(_udivmodsi4.o)
 .data          0x0000000000800125        0x0 /usr/lib/gcc/avr/4.5.3/avr5/libgcc.a(_exit.o)
 .data          0x0000000000800125        0x0 /usr/lib/gcc/avr/4.5.3/avr5/libgcc.a(_copy_data.o)
 .data          0x0000000000800125        0x0 /usr/lib/gcc/avr/4.5.3/avr5/libgcc.a(_clear_bss.o)
 .data          0x0000000000800125        0x0 /usr/lib/gcc/avr/4.5.3/avr5/libgcc.a(_ctors.o)
 .data          0x0000000000800125        0x0 /usr/lib/gcc/avr/4.5.3/avr5/libgcc.a(_dtors.o)
 .data          0x0000000000800125        0x0 /usr/lib/gcc/avr/4.5.3/avr5/libgcc.a(_fixunssfsi.o)
 .data          0x0000000000800125        0x0 /usr/lib/gcc/avr/4.5.3/avr5/libgcc.a(_addsub_sf.o)
 .data          0x0000000000800125        0x0 /usr/lib/gcc/avr/4.5.3/avr5/libgcc.a(_mul_sf.o)
 .data          0x0000000000800125        0x0 /usr/lib/gcc/avr/4.5.3/avr5/libgcc.a(_div_sf.o)
 .data          0x0000000000800125        0x0 /usr/lib/gcc/avr/4.5.3/avr5/libgcc.a(_ge_sf.o)
 .data          0x0000000000800125        0x0 /usr/lib/gcc/avr/4.5.3/avr5/libgcc.a(_lt_sf.o)
 .data          0x0000000000800125        0x0 /usr/lib/gcc/avr/4.5.3/avr5/libgcc.a(_si_to_sf.o)
 .data          0x0000000000800125        0x0 /usr/lib/gcc/avr/4.5.3/avr5/libgcc.a(_sf_to_si.o)
 .data          0x0000000000800125        0x8 /usr/lib/gcc/avr/4.5.3/avr5/libgcc.a(_thenan_sf.o)
                0x0000000000800125                __thenan_sf
 .data          0x000000000080012d        0x0 /usr/lib/gcc/avr/4.5.3/avr5/libgcc.a(_usi_to_sf.o)
 .data          0x000000000080012d        0x0 /usr/lib/gcc/avr/4.5.3/avr5/libgcc.a(_udivmodhi4.o)
 .data          0x000000000080012d        0x0 /usr/lib/gcc/avr/4.5.3/avr5/libgcc.a(_prologue.o)
 .data          0x000000000080012d        0x0 /usr/lib/gcc/avr/4.5.3/avr5/libgcc.a(_epilogue.o)
 .data          0x000000000080012d        0x0 /usr/lib/gcc/avr/4.5.3/avr5/libgcc.a(_tablejump.o)
 .data          0x000000000080012d        0x0 /usr/lib/gcc/avr/4.5.3/avr5/libgcc.a(_clzsi2.o)
 .data          0x000000000080012d        0x0 /usr/lib/gcc/avr/4.5.3/avr5/libgcc.a(_pack_sf.o)
 .data          0x000000000080012d        0x0 /usr/lib/gcc/avr/4.5.3/avr5/libgcc.a(_unpack_sf.o)
 .data          0x000000000080012d        0x0 /usr/lib/gcc/avr/4.5.3/avr5/libgcc.a(_fpcmp_parts_sf.o)
 .data          0x000000000080012d      0x100 /usr/lib/gcc/avr/4.5.3/avr5/libgcc.a(_clz.o)
                0x000000000080012d                __clz_tab
 .data          0x000000000080022d        0x6 /usr/lib/gcc/avr/4.5.3/../../../../avr/lib/avr5/libc.a(malloc.o)
                0x000000000080022d                __malloc_margin
                0x000000000080022f                __malloc_heap_start
                0x0000000000800231                __malloc_heap_end
 .data          0x0000000000800233        0x0 /usr/lib/gcc/avr/4.5.3/../../../../avr/lib/avr5/libc.a(realloc.o)
 .data          0x0000000000800233        0x0 /usr/lib/gcc/avr/4.5.3/../../../../avr/lib/avr5/libc.a(atol.o)
 .data          0x0000000000800233        0x0 /usr/lib/gcc/avr/4.5.3/../../../../avr/lib/avr5/libc.a(isspace.o)
 .data          0x0000000000800233        0x0 /usr/lib/gcc/avr/4.5.3/../../../../avr/lib/avr5/libc.a(tolower.o)
 .data          0x0000000000800233        0x0 /usr/lib/gcc/avr/4.5.3/../../../../avr/lib/avr5/libc.a(toupper.o)
 .data          0x0000000000800233        0x0 /usr/lib/gcc/avr/4.5.3/../../../../avr/lib/avr5/libc.a(memcpy.o)
 .data          0x0000000000800233        0x0 /usr/lib/gcc/avr/4.5.3/../../../../avr/lib/avr5/libc.a(memmove.o)
 .data          0x0000000000800233        0x0 /usr/lib/gcc/avr/4.5.3/../../../../avr/lib/avr5/libc.a(strchr.o)
 .data          0x0000000000800233        0x0 /usr/lib/gcc/avr/4.5.3/../../../../avr/lib/avr5/libc.a(strcmp.o)
 .data          0x0000000000800233        0x0 /usr/lib/gcc/avr/4.5.3/../../../../avr/lib/avr5/libc.a(strcpy.o)
 .data          0x0000000000800233        0x0 /usr/lib/gcc/avr/4.5.3/../../../../avr/lib/avr5/libc.a(strncmp.o)
 .data          0x0000000000800233        0x0 /usr/lib/gcc/avr/4.5.3/../../../../avr/lib/avr5/libc.a(strncpy.o)
 .data          0x0000000000800233        0x0 /usr/lib/gcc/avr/4.5.3/../../../../avr/lib/avr5/libc.a(strrchr.o)
 .data          0x0000000000800233        0x0 /usr/lib/gcc/avr/4.5.3/../../../../avr/lib/avr5/libc.a(strstr.o)
 .data          0x0000000000800233        0x0 /usr/lib/gcc/avr/4.5.3/../../../../avr/lib/avr5/libc.a(itoa.o)
 .data          0x0000000000800233        0x0 /usr/lib/gcc/avr/4.5.3/../../../../avr/lib/avr5/libc.a(ltoa.o)
 .data          0x0000000000800233        0x0 /usr/lib/gcc/avr/4.5.3/../../../../avr/lib/avr5/libc.a(mulsi10.o)
 .data          0x0000000000800233        0x0 /usr/lib/gcc/avr/4.5.3/../../../../avr/lib/avr5/libc.a(ultoa.o)
 .data          0x0000000000800233        0x0 /usr/lib/gcc/avr/4.5.3/../../../../avr/lib/avr5/libc.a(utoa.o)
 .data          0x0000000000800233        0x0 /usr/lib/gcc/avr/4.5.3/../../../../avr/lib/avr5/libc.a(sscanf.o)
 .data          0x0000000000800233        0x0 /usr/lib/gcc/avr/4.5.3/../../../../avr/lib/avr5/libc.a(vfscanf_std.o)
 .data          0x0000000000800233        0x0 /usr/lib/gcc/avr/4.5.3/../../../../avr/lib/avr5/libc.a(cty_isfalse.o)
 .data          0x0000000000800233        0x0 /usr/lib/gcc/avr/4.5.3/../../../../avr/lib/avr5/libc.a(strchr_P.o)
 .data          0x0000000000800233        0x0 /usr/lib/gcc/avr/4.5.3/../../../../avr/lib/avr5/libc.a(strrev.o)
 .data          0x0000000000800233        0x0 /usr/lib/gcc/avr/4.5.3/../../../../avr/lib/avr5/libc.a(fgetc.o)
 .data          0x0000000000800233        0x0 /usr/lib/gcc/avr/4.5.3/../../../../avr/lib/avr5/libc.a(ungetc.o)
 *(.data*)
 .data.debounceKey
                0x0000000000800233        0x1 ./cbmkeyboard.o
                0x0000000000800233                debounceKey
 .data.pressedKey
                0x0000000000800234        0x1 ./cbmkeyboard.o
                0x0000000000800234                pressedKey
 .data.ledBlinkTimestamp
                0x0000000000800235        0x4 ./cbmkeyboard.o
                0x0000000000800235                ledBlinkTimestamp
 .data.typematicDelayIntervall
                0x0000000000800239        0x2 ./cbmkeyboard.o
                0x0000000000800239                typematicDelayIntervall
 .data.typematicRepeatIntervall
                0x000000000080023b        0x2 ./cbmkeyboard.o
                0x000000000080023b                typematicRepeatIntervall
 *(.rodata)
 *(.rodata*)
 .rodata._ZL11MOD_COL_NUM
                0x000000000080023d        0x3 ./cbmkeyboard.o
 .rodata._ZL11MOD_ROW_BIT
                0x0000000000800240        0x3 ./cbmkeyboard.o
 .rodata._ZL3MOD
                0x0000000000800243        0x3 ./cbmkeyboard.o
 .rodata._ZTV14HardwareSerial
                0x0000000000800246       0x14 /home/grappendorf/workspace-arduino/arduino-framework/atmega168_16000000/libarduino.a(HardwareSerial.o)
                0x0000000000800246                _ZTV14HardwareSerial
 *(.gnu.linkonce.d*)
                0x000000000080025a                . = ALIGN (0x2)
                0x000000000080025a                _edata = .
                0x000000000080025a                PROVIDE (__data_end, .)

.bss            0x000000000080025a       0xc5
                0x000000000080025a                PROVIDE (__bss_start, .)
 *(.bss)
 *(.bss*)
 .bss.ps2       0x000000000080025a        0x4 ./cbmkeyboard.o
                0x000000000080025a                ps2
 .bss.modifiers
                0x000000000080025e        0x1 ./cbmkeyboard.o
                0x000000000080025e                modifiers
 .bss.debounceTimestamp
                0x000000000080025f        0x4 ./cbmkeyboard.o
                0x000000000080025f                debounceTimestamp
 .bss.ledOffTimestamp
                0x0000000000800263        0x4 ./cbmkeyboard.o
                0x0000000000800263                ledOffTimestamp
 .bss.typematicTimestamp
                0x0000000000800267        0x4 ./cbmkeyboard.o
                0x0000000000800267                typematicTimestamp
 .bss.rx_buffer
                0x000000000080026b       0x44 /home/grappendorf/workspace-arduino/arduino-framework/atmega168_16000000/libarduino.a(HardwareSerial.o)
                0x000000000080026b                rx_buffer
 .bss.tx_buffer
                0x00000000008002af       0x44 /home/grappendorf/workspace-arduino/arduino-framework/atmega168_16000000/libarduino.a(HardwareSerial.o)
                0x00000000008002af                tx_buffer
 .bss.Serial    0x00000000008002f3       0x1f /home/grappendorf/workspace-arduino/arduino-framework/atmega168_16000000/libarduino.a(HardwareSerial.o)
                0x00000000008002f3                Serial
 .bss.timer0_overflow_count
                0x0000000000800312        0x4 /home/grappendorf/workspace-arduino/arduino-framework/atmega168_16000000/libarduino.a(wiring.o)
                0x0000000000800312                timer0_overflow_count
 .bss.timer0_millis
                0x0000000000800316        0x4 /home/grappendorf/workspace-arduino/arduino-framework/atmega168_16000000/libarduino.a(wiring.o)
                0x0000000000800316                timer0_millis
 .bss.timer0_fract
                0x000000000080031a        0x1 /home/grappendorf/workspace-arduino/arduino-framework/atmega168_16000000/libarduino.a(wiring.o)
 *(COMMON)
 COMMON         0x000000000080031b        0x4 /usr/lib/gcc/avr/4.5.3/../../../../avr/lib/avr5/libc.a(malloc.o)
                0x000000000080031b                __brkval
                0x000000000080031d                __flp
                0x000000000080031f                PROVIDE (__bss_end, .)
                0x000000000000208c                __data_load_start = LOADADDR (.data)
                0x00000000000021e6                __data_load_end = (__data_load_start + SIZEOF (.data))

.noinit         0x000000000080031f        0x0
                0x000000000080031f                PROVIDE (__noinit_start, .)
 *(.noinit*)
                0x000000000080031f                PROVIDE (__noinit_end, .)
                0x000000000080031f                _end = .
                0x000000000080031f                PROVIDE (__heap_start, .)

.eeprom         0x0000000000810000        0x0
 *(.eeprom*)
                0x0000000000810000                __eeprom_end = .

.fuse
 *(.fuse)
 *(.lfuse)
 *(.hfuse)
 *(.efuse)

.lock
 *(.lock*)

.signature
 *(.signature*)

.stab
 *(.stab)

.stabstr
 *(.stabstr)

.stab.excl
 *(.stab.excl)

.stab.exclstr
 *(.stab.exclstr)

.stab.index
 *(.stab.index)

.stab.indexstr
 *(.stab.indexstr)

.comment
 *(.comment)

.debug
 *(.debug)

.line
 *(.line)

.debug_srcinfo
 *(.debug_srcinfo)

.debug_sfnames
 *(.debug_sfnames)

.debug_aranges
 *(.debug_aranges)

.debug_pubnames
 *(.debug_pubnames)

.debug_info
 *(.debug_info)
 *(.gnu.linkonce.wi.*)

.debug_abbrev
 *(.debug_abbrev)

.debug_line
 *(.debug_line)

.debug_frame
 *(.debug_frame)

.debug_str
 *(.debug_str)

.debug_loc
 *(.debug_loc)

.debug_macinfo
 *(.debug_macinfo)

.debug_pubtypes
 *(.debug_pubtypes)

.debug_ranges
 *(.debug_ranges)

.debug_macro
 *(.debug_macro)
OUTPUT(cbmkeyboard.elf elf32-avr)
LOAD linker stubs

Cross Reference Table

Symbol                                            File
HardwareSerial::HardwareSerial(ring_buffer*, ring_buffer*, unsigned char volatile*, unsigned char volatile*, unsigned char volatile*, unsigned char volatile*, unsigned char volatile*, unsigned char, unsigned char, unsigned char, unsigned char, unsigned char) /home/grappendorf/workspace-arduino/arduino-framework/atmega168_16000000/libarduino.a(HardwareSerial.o)
HardwareSerial::HardwareSerial(ring_buffer*, ring_buffer*, unsigned char volatile*, unsigned char volatile*, unsigned char volatile*, unsigned char volatile*, unsigned char volatile*, unsigned char, unsigned char, unsigned char, unsigned char, unsigned char) /home/grappendorf/workspace-arduino/arduino-framework/atmega168_16000000/libarduino.a(HardwareSerial.o)
HardwareSerial::available()                       /home/grappendorf/workspace-arduino/arduino-framework/atmega168_16000000/libarduino.a(HardwareSerial.o)
                                                  ./cbmkeyboard.o
HardwareSerial::begin(unsigned long)              /home/grappendorf/workspace-arduino/arduino-framework/atmega168_16000000/libarduino.a(HardwareSerial.o)
                                                  ./cbmkeyboard.o
HardwareSerial::end()                             /home/grappendorf/workspace-arduino/arduino-framework/atmega168_16000000/libarduino.a(HardwareSerial.o)
HardwareSerial::flush()                           /home/grappendorf/workspace-arduino/arduino-framework/atmega168_16000000/libarduino.a(HardwareSerial.o)
HardwareSerial::peek()                            /home/grappendorf/workspace-arduino/arduino-framework/atmega168_16000000/libarduino.a(HardwareSerial.o)
HardwareSerial::read()                            /home/grappendorf/workspace-arduino/arduino-framework/atmega168_16000000/libarduino.a(HardwareSerial.o)
                                                  ./cbmkeyboard.o
HardwareSerial::write(unsigned char)              /home/grappendorf/workspace-arduino/arduino-framework/atmega168_16000000/libarduino.a(HardwareSerial.o)
HardwareSerial::~HardwareSerial()                 /home/grappendorf/workspace-arduino/arduino-framework/atmega168_16000000/libarduino.a(HardwareSerial.o)
HardwareSerial::~HardwareSerial()                 /home/grappendorf/workspace-arduino/arduino-framework/atmega168_16000000/libarduino.a(HardwareSerial.o)
PS2dev::PS2dev(int, int)                          /home/grappendorf/workspace-arduino/arduino-framework/atmega168_16000000/libarduino.a(ps2dev.o)
PS2dev::PS2dev(int, int)                          /home/grappendorf/workspace-arduino/arduino-framework/atmega168_16000000/libarduino.a(ps2dev.o)
                                                  ./cbmkeyboard.o
PS2dev::gohi(int)                                 /home/grappendorf/workspace-arduino/arduino-framework/atmega168_16000000/libarduino.a(ps2dev.o)
PS2dev::golo(int)                                 /home/grappendorf/workspace-arduino/arduino-framework/atmega168_16000000/libarduino.a(ps2dev.o)
PS2dev::read(unsigned char*)                      /home/grappendorf/workspace-arduino/arduino-framework/atmega168_16000000/libarduino.a(ps2dev.o)
                                                  ./cbmkeyboard.o
PS2dev::write(unsigned char)                      /home/grappendorf/workspace-arduino/arduino-framework/atmega168_16000000/libarduino.a(ps2dev.o)
                                                  ./cbmkeyboard.o
Print::print(Printable const&)                    /home/grappendorf/workspace-arduino/arduino-framework/atmega168_16000000/libarduino.a(Print.o)
Print::print(String const&)                       /home/grappendorf/workspace-arduino/arduino-framework/atmega168_16000000/libarduino.a(Print.o)
Print::print(__FlashStringHelper const*)          /home/grappendorf/workspace-arduino/arduino-framework/atmega168_16000000/libarduino.a(Print.o)
Print::print(char const*)                         /home/grappendorf/workspace-arduino/arduino-framework/atmega168_16000000/libarduino.a(Print.o)
                                                  ./cbmkeyboard.o
Print::print(char)                                /home/grappendorf/workspace-arduino/arduino-framework/atmega168_16000000/libarduino.a(Print.o)
                                                  ./cbmkeyboard.o
Print::print(double, int)                         /home/grappendorf/workspace-arduino/arduino-framework/atmega168_16000000/libarduino.a(Print.o)
Print::print(int, int)                            /home/grappendorf/workspace-arduino/arduino-framework/atmega168_16000000/libarduino.a(Print.o)
                                                  ./cbmkeyboard.o
Print::print(long, int)                           /home/grappendorf/workspace-arduino/arduino-framework/atmega168_16000000/libarduino.a(Print.o)
Print::print(unsigned char, int)                  /home/grappendorf/workspace-arduino/arduino-framework/atmega168_16000000/libarduino.a(Print.o)
Print::print(unsigned int, int)                   /home/grappendorf/workspace-arduino/arduino-framework/atmega168_16000000/libarduino.a(Print.o)
Print::print(unsigned long, int)                  /home/grappendorf/workspace-arduino/arduino-framework/atmega168_16000000/libarduino.a(Print.o)
Print::printFloat(double, unsigned char)          /home/grappendorf/workspace-arduino/arduino-framework/atmega168_16000000/libarduino.a(Print.o)
Print::printNumber(unsigned long, unsigned char)  /home/grappendorf/workspace-arduino/arduino-framework/atmega168_16000000/libarduino.a(Print.o)
Print::println()                                  /home/grappendorf/workspace-arduino/arduino-framework/atmega168_16000000/libarduino.a(Print.o)
                                                  ./cbmkeyboard.o
Print::println(Printable const&)                  /home/grappendorf/workspace-arduino/arduino-framework/atmega168_16000000/libarduino.a(Print.o)
Print::println(String const&)                     /home/grappendorf/workspace-arduino/arduino-framework/atmega168_16000000/libarduino.a(Print.o)
Print::println(__FlashStringHelper const*)        /home/grappendorf/workspace-arduino/arduino-framework/atmega168_16000000/libarduino.a(Print.o)
Print::println(char const*)                       /home/grappendorf/workspace-arduino/arduino-framework/atmega168_16000000/libarduino.a(Print.o)
Print::println(char)                              /home/grappendorf/workspace-arduino/arduino-framework/atmega168_16000000/libarduino.a(Print.o)
Print::println(double, int)                       /home/grappendorf/workspace-arduino/arduino-framework/atmega168_16000000/libarduino.a(Print.o)
Print::println(int, int)                          /home/grappendorf/workspace-arduino/arduino-framework/atmega168_16000000/libarduino.a(Print.o)
Print::println(long, int)                         /home/grappendorf/workspace-arduino/arduino-framework/atmega168_16000000/libarduino.a(Print.o)
Print::println(unsigned char, int)                /home/grappendorf/workspace-arduino/arduino-framework/atmega168_16000000/libarduino.a(Print.o)
                                                  ./cbmkeyboard.o
Print::println(unsigned int, int)                 /home/grappendorf/workspace-arduino/arduino-framework/atmega168_16000000/libarduino.a(Print.o)
Print::println(unsigned long, int)                /home/grappendorf/workspace-arduino/arduino-framework/atmega168_16000000/libarduino.a(Print.o)
Print::write(char const*)                         /home/grappendorf/workspace-arduino/arduino-framework/atmega168_16000000/libarduino.a(Print.o)
Print::write(unsigned char const*, unsigned int)  /home/grappendorf/workspace-arduino/arduino-framework/atmega168_16000000/libarduino.a(Print.o)
                                                  /home/grappendorf/workspace-arduino/arduino-framework/atmega168_16000000/libarduino.a(HardwareSerial.o)
Print::write(unsigned char)                       /home/grappendorf/workspace-arduino/arduino-framework/atmega168_16000000/libarduino.a(HardwareSerial.o)
Serial                                            /home/grappendorf/workspace-arduino/arduino-framework/atmega168_16000000/libarduino.a(HardwareSerial.o)
                                                  ./cbmkeyboard.o
String::String(String const&)                     /home/grappendorf/workspace-arduino/arduino-framework/atmega168_16000000/libarduino.a(WString.o)
String::String(String const&)                     /home/grappendorf/workspace-arduino/arduino-framework/atmega168_16000000/libarduino.a(WString.o)
String::String(char const*)                       /home/grappendorf/workspace-arduino/arduino-framework/atmega168_16000000/libarduino.a(WString.o)
String::String(char const*)                       /home/grappendorf/workspace-arduino/arduino-framework/atmega168_16000000/libarduino.a(WString.o)
String::String(char)                              /home/grappendorf/workspace-arduino/arduino-framework/atmega168_16000000/libarduino.a(WString.o)
String::String(char)                              /home/grappendorf/workspace-arduino/arduino-framework/atmega168_16000000/libarduino.a(WString.o)
String::String(int, unsigned char)                /home/grappendorf/workspace-arduino/arduino-framework/atmega168_16000000/libarduino.a(WString.o)
String::String(int, unsigned char)                /home/grappendorf/workspace-arduino/arduino-framework/atmega168_16000000/libarduino.a(WString.o)
String::String(long, unsigned char)               /home/grappendorf/workspace-arduino/arduino-framework/atmega168_16000000/libarduino.a(WString.o)
String::String(long, unsigned char)               /home/grappendorf/workspace-arduino/arduino-framework/atmega168_16000000/libarduino.a(WString.o)
String::String(unsigned char, unsigned char)      /home/grappendorf/workspace-arduino/arduino-framework/atmega168_16000000/libarduino.a(WString.o)
String::String(unsigned char, unsigned char)      /home/grappendorf/workspace-arduino/arduino-framework/atmega168_16000000/libarduino.a(WString.o)
String::String(unsigned int, unsigned char)       /home/grappendorf/workspace-arduino/arduino-framework/atmega168_16000000/libarduino.a(WString.o)
String::String(unsigned int, unsigned char)       /home/grappendorf/workspace-arduino/arduino-framework/atmega168_16000000/libarduino.a(WString.o)
String::String(unsigned long, unsigned char)      /home/grappendorf/workspace-arduino/arduino-framework/atmega168_16000000/libarduino.a(WString.o)
String::String(unsigned long, unsigned char)      /home/grappendorf/workspace-arduino/arduino-framework/atmega168_16000000/libarduino.a(WString.o)
String::changeBuffer(unsigned int)                /home/grappendorf/workspace-arduino/arduino-framework/atmega168_16000000/libarduino.a(WString.o)
String::charAt(unsigned int) const                /home/grappendorf/workspace-arduino/arduino-framework/atmega168_16000000/libarduino.a(WString.o)
String::compareTo(String const&) const            /home/grappendorf/workspace-arduino/arduino-framework/atmega168_16000000/libarduino.a(WString.o)
String::concat(String const&)                     /home/grappendorf/workspace-arduino/arduino-framework/atmega168_16000000/libarduino.a(WString.o)
String::concat(char const*)                       /home/grappendorf/workspace-arduino/arduino-framework/atmega168_16000000/libarduino.a(WString.o)
String::concat(char const*, unsigned int)         /home/grappendorf/workspace-arduino/arduino-framework/atmega168_16000000/libarduino.a(WString.o)
String::concat(char)                              /home/grappendorf/workspace-arduino/arduino-framework/atmega168_16000000/libarduino.a(WString.o)
String::concat(int)                               /home/grappendorf/workspace-arduino/arduino-framework/atmega168_16000000/libarduino.a(WString.o)
String::concat(long)                              /home/grappendorf/workspace-arduino/arduino-framework/atmega168_16000000/libarduino.a(WString.o)
String::concat(unsigned char)                     /home/grappendorf/workspace-arduino/arduino-framework/atmega168_16000000/libarduino.a(WString.o)
String::concat(unsigned int)                      /home/grappendorf/workspace-arduino/arduino-framework/atmega168_16000000/libarduino.a(WString.o)
String::concat(unsigned long)                     /home/grappendorf/workspace-arduino/arduino-framework/atmega168_16000000/libarduino.a(WString.o)
String::copy(char const*, unsigned int)           /home/grappendorf/workspace-arduino/arduino-framework/atmega168_16000000/libarduino.a(WString.o)
String::endsWith(String const&) const             /home/grappendorf/workspace-arduino/arduino-framework/atmega168_16000000/libarduino.a(WString.o)
String::equals(String const&) const               /home/grappendorf/workspace-arduino/arduino-framework/atmega168_16000000/libarduino.a(WString.o)
String::equals(char const*) const                 /home/grappendorf/workspace-arduino/arduino-framework/atmega168_16000000/libarduino.a(WString.o)
String::equalsIgnoreCase(String const&) const     /home/grappendorf/workspace-arduino/arduino-framework/atmega168_16000000/libarduino.a(WString.o)
String::getBytes(unsigned char*, unsigned int, unsigned int) const /home/grappendorf/workspace-arduino/arduino-framework/atmega168_16000000/libarduino.a(WString.o)
String::indexOf(String const&) const              /home/grappendorf/workspace-arduino/arduino-framework/atmega168_16000000/libarduino.a(WString.o)
String::indexOf(String const&, unsigned int) const /home/grappendorf/workspace-arduino/arduino-framework/atmega168_16000000/libarduino.a(WString.o)
String::indexOf(char) const                       /home/grappendorf/workspace-arduino/arduino-framework/atmega168_16000000/libarduino.a(WString.o)
String::indexOf(char, unsigned int) const         /home/grappendorf/workspace-arduino/arduino-framework/atmega168_16000000/libarduino.a(WString.o)
String::invalidate()                              /home/grappendorf/workspace-arduino/arduino-framework/atmega168_16000000/libarduino.a(WString.o)
String::lastIndexOf(String const&) const          /home/grappendorf/workspace-arduino/arduino-framework/atmega168_16000000/libarduino.a(WString.o)
String::lastIndexOf(String const&, unsigned int) const /home/grappendorf/workspace-arduino/arduino-framework/atmega168_16000000/libarduino.a(WString.o)
String::lastIndexOf(char) const                   /home/grappendorf/workspace-arduino/arduino-framework/atmega168_16000000/libarduino.a(WString.o)
String::lastIndexOf(char, unsigned int) const     /home/grappendorf/workspace-arduino/arduino-framework/atmega168_16000000/libarduino.a(WString.o)
String::operator<(String const&) const            /home/grappendorf/workspace-arduino/arduino-framework/atmega168_16000000/libarduino.a(WString.o)
String::operator<=(String const&) const           /home/grappendorf/workspace-arduino/arduino-framework/atmega168_16000000/libarduino.a(WString.o)
String::operator=(String const&)                  /home/grappendorf/workspace-arduino/arduino-framework/atmega168_16000000/libarduino.a(WString.o)
String::operator=(char const*)                    /home/grappendorf/workspace-arduino/arduino-framework/atmega168_16000000/libarduino.a(WString.o)
String::operator>(String const&) const            /home/grappendorf/workspace-arduino/arduino-framework/atmega168_16000000/libarduino.a(WString.o)
String::operator>=(String const&) const           /home/grappendorf/workspace-arduino/arduino-framework/atmega168_16000000/libarduino.a(WString.o)
String::operator[](unsigned int)                  /home/grappendorf/workspace-arduino/arduino-framework/atmega168_16000000/libarduino.a(WString.o)
String::operator[](unsigned int) const            /home/grappendorf/workspace-arduino/arduino-framework/atmega168_16000000/libarduino.a(WString.o)
                                                  /home/grappendorf/workspace-arduino/arduino-framework/atmega168_16000000/libarduino.a(Print.o)
String::replace(String const&, String const&)     /home/grappendorf/workspace-arduino/arduino-framework/atmega168_16000000/libarduino.a(WString.o)
String::replace(char, char)                       /home/grappendorf/workspace-arduino/arduino-framework/atmega168_16000000/libarduino.a(WString.o)
String::reserve(unsigned int)                     /home/grappendorf/workspace-arduino/arduino-framework/atmega168_16000000/libarduino.a(WString.o)
String::setCharAt(unsigned int, char)             /home/grappendorf/workspace-arduino/arduino-framework/atmega168_16000000/libarduino.a(WString.o)
String::startsWith(String const&) const           /home/grappendorf/workspace-arduino/arduino-framework/atmega168_16000000/libarduino.a(WString.o)
String::startsWith(String const&, unsigned int) const /home/grappendorf/workspace-arduino/arduino-framework/atmega168_16000000/libarduino.a(WString.o)
String::substring(unsigned int) const             /home/grappendorf/workspace-arduino/arduino-framework/atmega168_16000000/libarduino.a(WString.o)
String::substring(unsigned int, unsigned int) const /home/grappendorf/workspace-arduino/arduino-framework/atmega168_16000000/libarduino.a(WString.o)
String::toInt() const                             /home/grappendorf/workspace-arduino/arduino-framework/atmega168_16000000/libarduino.a(WString.o)
String::toLowerCase()                             /home/grappendorf/workspace-arduino/arduino-framework/atmega168_16000000/libarduino.a(WString.o)
String::toUpperCase()                             /home/grappendorf/workspace-arduino/arduino-framework/atmega168_16000000/libarduino.a(WString.o)
String::trim()                                    /home/grappendorf/workspace-arduino/arduino-framework/atmega168_16000000/libarduino.a(WString.o)
String::~String()                                 /home/grappendorf/workspace-arduino/arduino-framework/atmega168_16000000/libarduino.a(WString.o)
String::~String()                                 /home/grappendorf/workspace-arduino/arduino-framework/atmega168_16000000/libarduino.a(WString.o)
__addsf3                                          /usr/lib/gcc/avr/4.5.3/avr5/libgcc.a(_addsub_sf.o)
                                                  /home/grappendorf/workspace-arduino/arduino-framework/atmega168_16000000/libarduino.a(Print.o)
__bad_interrupt                                   /usr/lib/gcc/avr/4.5.3/../../../../avr/lib/avr5/crtm168.o
__brkval                                          /usr/lib/gcc/avr/4.5.3/../../../../avr/lib/avr5/libc.a(realloc.o)
                                                  /usr/lib/gcc/avr/4.5.3/../../../../avr/lib/avr5/libc.a(malloc.o)
__bss_end                                         /usr/lib/gcc/avr/4.5.3/avr5/libgcc.a(_clear_bss.o)
__bss_start                                       /usr/lib/gcc/avr/4.5.3/avr5/libgcc.a(_clear_bss.o)
__clz_tab                                         /usr/lib/gcc/avr/4.5.3/avr5/libgcc.a(_clz.o)
                                                  /usr/lib/gcc/avr/4.5.3/avr5/libgcc.a(_clzsi2.o)
__clzsi2                                          /usr/lib/gcc/avr/4.5.3/avr5/libgcc.a(_clzsi2.o)
                                                  /usr/lib/gcc/avr/4.5.3/avr5/libgcc.a(_usi_to_sf.o)
                                                  /usr/lib/gcc/avr/4.5.3/avr5/libgcc.a(_si_to_sf.o)
__ctors_end                                       /usr/lib/gcc/avr/4.5.3/avr5/libgcc.a(_ctors.o)
__ctors_start                                     /usr/lib/gcc/avr/4.5.3/avr5/libgcc.a(_ctors.o)
__ctype_isfalse                                   /usr/lib/gcc/avr/4.5.3/../../../../avr/lib/avr5/libc.a(cty_isfalse.o)
                                                  /usr/lib/gcc/avr/4.5.3/../../../../avr/lib/avr5/libc.a(isspace.o)
__ctype_istrue                                    /usr/lib/gcc/avr/4.5.3/../../../../avr/lib/avr5/libc.a(cty_isfalse.o)
__cxa_guard_abort                                 /home/grappendorf/workspace-arduino/arduino-framework/atmega168_16000000/libarduino.a(new.o)
__cxa_guard_acquire                               /home/grappendorf/workspace-arduino/arduino-framework/atmega168_16000000/libarduino.a(new.o)
__cxa_guard_release                               /home/grappendorf/workspace-arduino/arduino-framework/atmega168_16000000/libarduino.a(new.o)
__cxa_pure_virtual                                /home/grappendorf/workspace-arduino/arduino-framework/atmega168_16000000/libarduino.a(new.o)
                                                  /home/grappendorf/workspace-arduino/arduino-framework/atmega168_16000000/libarduino.a(HardwareSerial.o)
__data_end                                        /usr/lib/gcc/avr/4.5.3/avr5/libgcc.a(_copy_data.o)
__data_load_start                                 /usr/lib/gcc/avr/4.5.3/avr5/libgcc.a(_copy_data.o)
__data_start                                      /usr/lib/gcc/avr/4.5.3/avr5/libgcc.a(_copy_data.o)
__divmodhi4                                       /usr/lib/gcc/avr/4.5.3/avr5/libgcc.a(_divmodhi4.o)
                                                  /home/grappendorf/workspace-arduino/arduino-framework/atmega168_16000000/libarduino.a(HardwareSerial.o)
__divsf3                                          /usr/lib/gcc/avr/4.5.3/avr5/libgcc.a(_div_sf.o)
                                                  /home/grappendorf/workspace-arduino/arduino-framework/atmega168_16000000/libarduino.a(Print.o)
__do_clear_bss                                    /usr/lib/gcc/avr/4.5.3/avr5/libgcc.a(_clear_bss.o)
                                                  /usr/lib/gcc/avr/4.5.3/../../../../avr/lib/avr5/libc.a(ungetc.o)
                                                  /usr/lib/gcc/avr/4.5.3/../../../../avr/lib/avr5/libc.a(fgetc.o)
                                                  /usr/lib/gcc/avr/4.5.3/../../../../avr/lib/avr5/libc.a(vfscanf_std.o)
                                                  /usr/lib/gcc/avr/4.5.3/../../../../avr/lib/avr5/libc.a(sscanf.o)
                                                  /usr/lib/gcc/avr/4.5.3/../../../../avr/lib/avr5/libc.a(realloc.o)
                                                  /usr/lib/gcc/avr/4.5.3/../../../../avr/lib/avr5/libc.a(malloc.o)
                                                  /usr/lib/gcc/avr/4.5.3/avr5/libgcc.a(_clz.o)
                                                  /usr/lib/gcc/avr/4.5.3/avr5/libgcc.a(_fpcmp_parts_sf.o)
                                                  /usr/lib/gcc/avr/4.5.3/avr5/libgcc.a(_unpack_sf.o)
                                                  /usr/lib/gcc/avr/4.5.3/avr5/libgcc.a(_pack_sf.o)
                                                  /usr/lib/gcc/avr/4.5.3/avr5/libgcc.a(_clzsi2.o)
                                                  /usr/lib/gcc/avr/4.5.3/avr5/libgcc.a(_usi_to_sf.o)
                                                  /usr/lib/gcc/avr/4.5.3/avr5/libgcc.a(_thenan_sf.o)
                                                  /usr/lib/gcc/avr/4.5.3/avr5/libgcc.a(_sf_to_si.o)
                                                  /usr/lib/gcc/avr/4.5.3/avr5/libgcc.a(_si_to_sf.o)
                                                  /usr/lib/gcc/avr/4.5.3/avr5/libgcc.a(_lt_sf.o)
                                                  /usr/lib/gcc/avr/4.5.3/avr5/libgcc.a(_ge_sf.o)
                                                  /usr/lib/gcc/avr/4.5.3/avr5/libgcc.a(_div_sf.o)
                                                  /usr/lib/gcc/avr/4.5.3/avr5/libgcc.a(_mul_sf.o)
                                                  /usr/lib/gcc/avr/4.5.3/avr5/libgcc.a(_addsub_sf.o)
                                                  /usr/lib/gcc/avr/4.5.3/avr5/libgcc.a(_fixunssfsi.o)
                                                  /home/grappendorf/workspace-arduino/arduino-framework/atmega168_16000000/libarduino.a(wiring_digital.o)
                                                  /home/grappendorf/workspace-arduino/arduino-framework/atmega168_16000000/libarduino.a(wiring.o)
                                                  /home/grappendorf/workspace-arduino/arduino-framework/atmega168_16000000/libarduino.a(new.o)
                                                  /home/grappendorf/workspace-arduino/arduino-framework/atmega168_16000000/libarduino.a(WString.o)
                                                  /home/grappendorf/workspace-arduino/arduino-framework/atmega168_16000000/libarduino.a(Print.o)
                                                  /home/grappendorf/workspace-arduino/arduino-framework/atmega168_16000000/libarduino.a(HardwareSerial.o)
                                                  /home/grappendorf/workspace-arduino/arduino-framework/atmega168_16000000/libarduino.a(ps2dev.o)
                                                  ./cbmkeyboard.o
__do_copy_data                                    /usr/lib/gcc/avr/4.5.3/avr5/libgcc.a(_copy_data.o)
                                                  /usr/lib/gcc/avr/4.5.3/../../../../avr/lib/avr5/libc.a(ungetc.o)
                                                  /usr/lib/gcc/avr/4.5.3/../../../../avr/lib/avr5/libc.a(fgetc.o)
                                                  /usr/lib/gcc/avr/4.5.3/../../../../avr/lib/avr5/libc.a(vfscanf_std.o)
                                                  /usr/lib/gcc/avr/4.5.3/../../../../avr/lib/avr5/libc.a(sscanf.o)
                                                  /usr/lib/gcc/avr/4.5.3/../../../../avr/lib/avr5/libc.a(realloc.o)
                                                  /usr/lib/gcc/avr/4.5.3/../../../../avr/lib/avr5/libc.a(malloc.o)
                                                  /usr/lib/gcc/avr/4.5.3/avr5/libgcc.a(_clz.o)
                                                  /usr/lib/gcc/avr/4.5.3/avr5/libgcc.a(_fpcmp_parts_sf.o)
                                                  /usr/lib/gcc/avr/4.5.3/avr5/libgcc.a(_unpack_sf.o)
                                                  /usr/lib/gcc/avr/4.5.3/avr5/libgcc.a(_pack_sf.o)
                                                  /usr/lib/gcc/avr/4.5.3/avr5/libgcc.a(_clzsi2.o)
                                                  /usr/lib/gcc/avr/4.5.3/avr5/libgcc.a(_usi_to_sf.o)
                                                  /usr/lib/gcc/avr/4.5.3/avr5/libgcc.a(_thenan_sf.o)
                                                  /usr/lib/gcc/avr/4.5.3/avr5/libgcc.a(_sf_to_si.o)
                                                  /usr/lib/gcc/avr/4.5.3/avr5/libgcc.a(_si_to_sf.o)
                                                  /usr/lib/gcc/avr/4.5.3/avr5/libgcc.a(_lt_sf.o)
                                                  /usr/lib/gcc/avr/4.5.3/avr5/libgcc.a(_ge_sf.o)
                                                  /usr/lib/gcc/avr/4.5.3/avr5/libgcc.a(_div_sf.o)
                                                  /usr/lib/gcc/avr/4.5.3/avr5/libgcc.a(_mul_sf.o)
                                                  /usr/lib/gcc/avr/4.5.3/avr5/libgcc.a(_addsub_sf.o)
                                                  /usr/lib/gcc/avr/4.5.3/avr5/libgcc.a(_fixunssfsi.o)
                                                  /home/grappendorf/workspace-arduino/arduino-framework/atmega168_16000000/libarduino.a(wiring_digital.o)
                                                  /home/grappendorf/workspace-arduino/arduino-framework/atmega168_16000000/libarduino.a(wiring.o)
                                                  /home/grappendorf/workspace-arduino/arduino-framework/atmega168_16000000/libarduino.a(new.o)
                                                  /home/grappendorf/workspace-arduino/arduino-framework/atmega168_16000000/libarduino.a(WString.o)
                                                  /home/grappendorf/workspace-arduino/arduino-framework/atmega168_16000000/libarduino.a(Print.o)
                                                  /home/grappendorf/workspace-arduino/arduino-framework/atmega168_16000000/libarduino.a(HardwareSerial.o)
                                                  /home/grappendorf/workspace-arduino/arduino-framework/atmega168_16000000/libarduino.a(ps2dev.o)
                                                  ./cbmkeyboard.o
__do_global_ctors                                 /usr/lib/gcc/avr/4.5.3/avr5/libgcc.a(_ctors.o)
                                                  /home/grappendorf/workspace-arduino/arduino-framework/atmega168_16000000/libarduino.a(HardwareSerial.o)
                                                  ./cbmkeyboard.o
__do_global_dtors                                 /usr/lib/gcc/avr/4.5.3/avr5/libgcc.a(_dtors.o)
                                                  /home/grappendorf/workspace-arduino/arduino-framework/atmega168_16000000/libarduino.a(HardwareSerial.o)
__dtors_end                                       /usr/lib/gcc/avr/4.5.3/avr5/libgcc.a(_dtors.o)
__dtors_start                                     /usr/lib/gcc/avr/4.5.3/avr5/libgcc.a(_dtors.o)
__epilogue_restores__                             /usr/lib/gcc/avr/4.5.3/avr5/libgcc.a(_epilogue.o)
                                                  /usr/lib/gcc/avr/4.5.3/../../../../avr/lib/avr5/libc.a(vfscanf_std.o)
                                                  /usr/lib/gcc/avr/4.5.3/../../../../avr/lib/avr5/libc.a(sscanf.o)
                                                  /usr/lib/gcc/avr/4.5.3/../../../../avr/lib/avr5/libc.a(realloc.o)
                                                  /usr/lib/gcc/avr/4.5.3/avr5/libgcc.a(_pack_sf.o)
                                                  /usr/lib/gcc/avr/4.5.3/avr5/libgcc.a(_usi_to_sf.o)
                                                  /usr/lib/gcc/avr/4.5.3/avr5/libgcc.a(_sf_to_si.o)
                                                  /usr/lib/gcc/avr/4.5.3/avr5/libgcc.a(_si_to_sf.o)
                                                  /usr/lib/gcc/avr/4.5.3/avr5/libgcc.a(_lt_sf.o)
                                                  /usr/lib/gcc/avr/4.5.3/avr5/libgcc.a(_ge_sf.o)
                                                  /usr/lib/gcc/avr/4.5.3/avr5/libgcc.a(_div_sf.o)
                                                  /usr/lib/gcc/avr/4.5.3/avr5/libgcc.a(_mul_sf.o)
                                                  /usr/lib/gcc/avr/4.5.3/avr5/libgcc.a(_addsub_sf.o)
__fixsfsi                                         /usr/lib/gcc/avr/4.5.3/avr5/libgcc.a(_sf_to_si.o)
                                                  /usr/lib/gcc/avr/4.5.3/avr5/libgcc.a(_fixunssfsi.o)
                                                  /home/grappendorf/workspace-arduino/arduino-framework/atmega168_16000000/libarduino.a(Print.o)
__fixunssfsi                                      /usr/lib/gcc/avr/4.5.3/avr5/libgcc.a(_fixunssfsi.o)
                                                  /home/grappendorf/workspace-arduino/arduino-framework/atmega168_16000000/libarduino.a(Print.o)
__floatsisf                                       /usr/lib/gcc/avr/4.5.3/avr5/libgcc.a(_si_to_sf.o)
                                                  /home/grappendorf/workspace-arduino/arduino-framework/atmega168_16000000/libarduino.a(Print.o)
__floatunsisf                                     /usr/lib/gcc/avr/4.5.3/avr5/libgcc.a(_usi_to_sf.o)
                                                  /home/grappendorf/workspace-arduino/arduino-framework/atmega168_16000000/libarduino.a(Print.o)
__flp                                             /usr/lib/gcc/avr/4.5.3/../../../../avr/lib/avr5/libc.a(realloc.o)
                                                  /usr/lib/gcc/avr/4.5.3/../../../../avr/lib/avr5/libc.a(malloc.o)
__fpcmp_parts_f                                   /usr/lib/gcc/avr/4.5.3/avr5/libgcc.a(_fpcmp_parts_sf.o)
                                                  /usr/lib/gcc/avr/4.5.3/avr5/libgcc.a(_lt_sf.o)
                                                  /usr/lib/gcc/avr/4.5.3/avr5/libgcc.a(_ge_sf.o)
__gesf2                                           /usr/lib/gcc/avr/4.5.3/avr5/libgcc.a(_ge_sf.o)
                                                  /usr/lib/gcc/avr/4.5.3/avr5/libgcc.a(_fixunssfsi.o)
__heap_end                                        /usr/lib/gcc/avr/4.5.3/../../../../avr/lib/avr5/crtm168.o
                                                  /usr/lib/gcc/avr/4.5.3/../../../../avr/lib/avr5/libc.a(malloc.o)
__heap_start                                      /usr/lib/gcc/avr/4.5.3/../../../../avr/lib/avr5/libc.a(malloc.o)
__init                                            /usr/lib/gcc/avr/4.5.3/../../../../avr/lib/avr5/crtm168.o
__ltsf2                                           /usr/lib/gcc/avr/4.5.3/avr5/libgcc.a(_lt_sf.o)
                                                  /home/grappendorf/workspace-arduino/arduino-framework/atmega168_16000000/libarduino.a(Print.o)
__malloc_heap_end                                 /usr/lib/gcc/avr/4.5.3/../../../../avr/lib/avr5/libc.a(malloc.o)
                                                  /usr/lib/gcc/avr/4.5.3/../../../../avr/lib/avr5/libc.a(realloc.o)
__malloc_heap_start                               /usr/lib/gcc/avr/4.5.3/../../../../avr/lib/avr5/libc.a(malloc.o)
__malloc_margin                                   /usr/lib/gcc/avr/4.5.3/../../../../avr/lib/avr5/libc.a(malloc.o)
                                                  /usr/lib/gcc/avr/4.5.3/../../../../avr/lib/avr5/libc.a(realloc.o)
__mulsf3                                          /usr/lib/gcc/avr/4.5.3/avr5/libgcc.a(_mul_sf.o)
                                                  /home/grappendorf/workspace-arduino/arduino-framework/atmega168_16000000/libarduino.a(Print.o)
__mulsi_const_10                                  /usr/lib/gcc/avr/4.5.3/../../../../avr/lib/avr5/libc.a(mulsi10.o)
                                                  /usr/lib/gcc/avr/4.5.3/../../../../avr/lib/avr5/libc.a(atol.o)
__pack_f                                          /usr/lib/gcc/avr/4.5.3/avr5/libgcc.a(_pack_sf.o)
                                                  /usr/lib/gcc/avr/4.5.3/avr5/libgcc.a(_usi_to_sf.o)
                                                  /usr/lib/gcc/avr/4.5.3/avr5/libgcc.a(_si_to_sf.o)
                                                  /usr/lib/gcc/avr/4.5.3/avr5/libgcc.a(_div_sf.o)
                                                  /usr/lib/gcc/avr/4.5.3/avr5/libgcc.a(_mul_sf.o)
                                                  /usr/lib/gcc/avr/4.5.3/avr5/libgcc.a(_addsub_sf.o)
__prologue_saves__                                /usr/lib/gcc/avr/4.5.3/avr5/libgcc.a(_prologue.o)
                                                  /usr/lib/gcc/avr/4.5.3/../../../../avr/lib/avr5/libc.a(vfscanf_std.o)
                                                  /usr/lib/gcc/avr/4.5.3/../../../../avr/lib/avr5/libc.a(sscanf.o)
                                                  /usr/lib/gcc/avr/4.5.3/../../../../avr/lib/avr5/libc.a(realloc.o)
                                                  /usr/lib/gcc/avr/4.5.3/avr5/libgcc.a(_usi_to_sf.o)
                                                  /usr/lib/gcc/avr/4.5.3/avr5/libgcc.a(_sf_to_si.o)
                                                  /usr/lib/gcc/avr/4.5.3/avr5/libgcc.a(_si_to_sf.o)
                                                  /usr/lib/gcc/avr/4.5.3/avr5/libgcc.a(_lt_sf.o)
                                                  /usr/lib/gcc/avr/4.5.3/avr5/libgcc.a(_ge_sf.o)
                                                  /usr/lib/gcc/avr/4.5.3/avr5/libgcc.a(_div_sf.o)
                                                  /usr/lib/gcc/avr/4.5.3/avr5/libgcc.a(_mul_sf.o)
                                                  /usr/lib/gcc/avr/4.5.3/avr5/libgcc.a(_addsub_sf.o)
__stack                                           /usr/lib/gcc/avr/4.5.3/../../../../avr/lib/avr5/crtm168.o
__subsf3                                          /usr/lib/gcc/avr/4.5.3/avr5/libgcc.a(_addsub_sf.o)
                                                  /usr/lib/gcc/avr/4.5.3/avr5/libgcc.a(_fixunssfsi.o)
                                                  /home/grappendorf/workspace-arduino/arduino-framework/atmega168_16000000/libarduino.a(Print.o)
__tablejump2__                                    /usr/lib/gcc/avr/4.5.3/avr5/libgcc.a(_tablejump.o)
__tablejump__                                     /usr/lib/gcc/avr/4.5.3/avr5/libgcc.a(_tablejump.o)
                                                  /usr/lib/gcc/avr/4.5.3/avr5/libgcc.a(_dtors.o)
                                                  /usr/lib/gcc/avr/4.5.3/avr5/libgcc.a(_ctors.o)
__thenan_sf                                       /usr/lib/gcc/avr/4.5.3/avr5/libgcc.a(_thenan_sf.o)
                                                  /usr/lib/gcc/avr/4.5.3/avr5/libgcc.a(_div_sf.o)
                                                  /usr/lib/gcc/avr/4.5.3/avr5/libgcc.a(_mul_sf.o)
                                                  /usr/lib/gcc/avr/4.5.3/avr5/libgcc.a(_addsub_sf.o)
__udivmodhi4                                      /usr/lib/gcc/avr/4.5.3/avr5/libgcc.a(_udivmodhi4.o)
                                                  /usr/lib/gcc/avr/4.5.3/../../../../avr/lib/avr5/libc.a(utoa.o)
                                                  /usr/lib/gcc/avr/4.5.3/../../../../avr/lib/avr5/libc.a(itoa.o)
                                                  /usr/lib/gcc/avr/4.5.3/avr5/libgcc.a(_divmodhi4.o)
__udivmodsi4                                      /usr/lib/gcc/avr/4.5.3/avr5/libgcc.a(_udivmodsi4.o)
                                                  /usr/lib/gcc/avr/4.5.3/../../../../avr/lib/avr5/libc.a(ultoa.o)
                                                  /usr/lib/gcc/avr/4.5.3/../../../../avr/lib/avr5/libc.a(ltoa.o)
                                                  /home/grappendorf/workspace-arduino/arduino-framework/atmega168_16000000/libarduino.a(Print.o)
                                                  /home/grappendorf/workspace-arduino/arduino-framework/atmega168_16000000/libarduino.a(HardwareSerial.o)
__unpack_f                                        /usr/lib/gcc/avr/4.5.3/avr5/libgcc.a(_unpack_sf.o)
                                                  /usr/lib/gcc/avr/4.5.3/avr5/libgcc.a(_sf_to_si.o)
                                                  /usr/lib/gcc/avr/4.5.3/avr5/libgcc.a(_lt_sf.o)
                                                  /usr/lib/gcc/avr/4.5.3/avr5/libgcc.a(_ge_sf.o)
                                                  /usr/lib/gcc/avr/4.5.3/avr5/libgcc.a(_div_sf.o)
                                                  /usr/lib/gcc/avr/4.5.3/avr5/libgcc.a(_mul_sf.o)
                                                  /usr/lib/gcc/avr/4.5.3/avr5/libgcc.a(_addsub_sf.o)
__vector_1                                        /usr/lib/gcc/avr/4.5.3/../../../../avr/lib/avr5/crtm168.o
__vector_10                                       /usr/lib/gcc/avr/4.5.3/../../../../avr/lib/avr5/crtm168.o
__vector_11                                       /usr/lib/gcc/avr/4.5.3/../../../../avr/lib/avr5/crtm168.o
__vector_12                                       /usr/lib/gcc/avr/4.5.3/../../../../avr/lib/avr5/crtm168.o
__vector_13                                       /usr/lib/gcc/avr/4.5.3/../../../../avr/lib/avr5/crtm168.o
__vector_14                                       /usr/lib/gcc/avr/4.5.3/../../../../avr/lib/avr5/crtm168.o
__vector_15                                       /usr/lib/gcc/avr/4.5.3/../../../../avr/lib/avr5/crtm168.o
__vector_16                                       /home/grappendorf/workspace-arduino/arduino-framework/atmega168_16000000/libarduino.a(wiring.o)
                                                  /usr/lib/gcc/avr/4.5.3/../../../../avr/lib/avr5/crtm168.o
__vector_17                                       /usr/lib/gcc/avr/4.5.3/../../../../avr/lib/avr5/crtm168.o
__vector_18                                       /home/grappendorf/workspace-arduino/arduino-framework/atmega168_16000000/libarduino.a(HardwareSerial.o)
                                                  /usr/lib/gcc/avr/4.5.3/../../../../avr/lib/avr5/crtm168.o
__vector_19                                       /home/grappendorf/workspace-arduino/arduino-framework/atmega168_16000000/libarduino.a(HardwareSerial.o)
                                                  /usr/lib/gcc/avr/4.5.3/../../../../avr/lib/avr5/crtm168.o
__vector_2                                        /usr/lib/gcc/avr/4.5.3/../../../../avr/lib/avr5/crtm168.o
__vector_20                                       /usr/lib/gcc/avr/4.5.3/../../../../avr/lib/avr5/crtm168.o
__vector_21                                       /usr/lib/gcc/avr/4.5.3/../../../../avr/lib/avr5/crtm168.o
__vector_22                                       /usr/lib/gcc/avr/4.5.3/../../../../avr/lib/avr5/crtm168.o
__vector_23                                       /usr/lib/gcc/avr/4.5.3/../../../../avr/lib/avr5/crtm168.o
__vector_24                                       /usr/lib/gcc/avr/4.5.3/../../../../avr/lib/avr5/crtm168.o
__vector_25                                       /usr/lib/gcc/avr/4.5.3/../../../../avr/lib/avr5/crtm168.o
__vector_3                                        /usr/lib/gcc/avr/4.5.3/../../../../avr/lib/avr5/crtm168.o
__vector_4                                        /usr/lib/gcc/avr/4.5.3/../../../../avr/lib/avr5/crtm168.o
__vector_5                                        /usr/lib/gcc/avr/4.5.3/../../../../avr/lib/avr5/crtm168.o
__vector_6                                        /usr/lib/gcc/avr/4.5.3/../../../../avr/lib/avr5/crtm168.o
__vector_7                                        /usr/lib/gcc/avr/4.5.3/../../../../avr/lib/avr5/crtm168.o
__vector_8                                        /usr/lib/gcc/avr/4.5.3/../../../../avr/lib/avr5/crtm168.o
__vector_9                                        /usr/lib/gcc/avr/4.5.3/../../../../avr/lib/avr5/crtm168.o
__vector_default                                  /usr/lib/gcc/avr/4.5.3/../../../../avr/lib/avr5/crtm168.o
__vectors                                         /usr/lib/gcc/avr/4.5.3/../../../../avr/lib/avr5/crtm168.o
_div                                              /usr/lib/gcc/avr/4.5.3/avr5/libgcc.a(_divmodhi4.o)
_exit                                             /usr/lib/gcc/avr/4.5.3/avr5/libgcc.a(_exit.o)
atol                                              /usr/lib/gcc/avr/4.5.3/../../../../avr/lib/avr5/libc.a(atol.o)
                                                  /home/grappendorf/workspace-arduino/arduino-framework/atmega168_16000000/libarduino.a(WString.o)
blinkLed()                                        ./cbmkeyboard.o
calmDownLed()                                     ./cbmkeyboard.o
debounceKey                                       ./cbmkeyboard.o
debounceTimestamp                                 ./cbmkeyboard.o
delay                                             /home/grappendorf/workspace-arduino/arduino-framework/atmega168_16000000/libarduino.a(wiring.o)
                                                  ./cbmkeyboard.o
delayMicroseconds                                 /home/grappendorf/workspace-arduino/arduino-framework/atmega168_16000000/libarduino.a(wiring.o)
                                                  /home/grappendorf/workspace-arduino/arduino-framework/atmega168_16000000/libarduino.a(ps2dev.o)
                                                  ./cbmkeyboard.o
digitalRead                                       /home/grappendorf/workspace-arduino/arduino-framework/atmega168_16000000/libarduino.a(wiring_digital.o)
                                                  /home/grappendorf/workspace-arduino/arduino-framework/atmega168_16000000/libarduino.a(ps2dev.o)
                                                  ./cbmkeyboard.o
digitalWrite                                      /home/grappendorf/workspace-arduino/arduino-framework/atmega168_16000000/libarduino.a(wiring_digital.o)
                                                  /home/grappendorf/workspace-arduino/arduino-framework/atmega168_16000000/libarduino.a(ps2dev.o)
                                                  ./cbmkeyboard.o
digital_pin_to_bit_mask_PGM                       /home/grappendorf/workspace-arduino/arduino-framework/atmega168_16000000/libarduino.a(wiring_digital.o)
digital_pin_to_port_PGM                           /home/grappendorf/workspace-arduino/arduino-framework/atmega168_16000000/libarduino.a(wiring_digital.o)
digital_pin_to_timer_PGM                          /home/grappendorf/workspace-arduino/arduino-framework/atmega168_16000000/libarduino.a(wiring_digital.o)
doKeyboard()                                      ./cbmkeyboard.o
doPs2Protocol()                                   ./cbmkeyboard.o
doSerialProtocol()                                ./cbmkeyboard.o
exit                                              /usr/lib/gcc/avr/4.5.3/avr5/libgcc.a(_exit.o)
                                                  /usr/lib/gcc/avr/4.5.3/../../../../avr/lib/avr5/crtm168.o
fgetc                                             /usr/lib/gcc/avr/4.5.3/../../../../avr/lib/avr5/libc.a(fgetc.o)
                                                  /usr/lib/gcc/avr/4.5.3/../../../../avr/lib/avr5/libc.a(vfscanf_std.o)
free                                              /usr/lib/gcc/avr/4.5.3/../../../../avr/lib/avr5/libc.a(malloc.o)
                                                  /usr/lib/gcc/avr/4.5.3/../../../../avr/lib/avr5/libc.a(realloc.o)
                                                  /home/grappendorf/workspace-arduino/arduino-framework/atmega168_16000000/libarduino.a(new.o)
                                                  /home/grappendorf/workspace-arduino/arduino-framework/atmega168_16000000/libarduino.a(WString.o)
getMakeCode()                                     ./cbmkeyboard.o
init                                              /home/grappendorf/workspace-arduino/arduino-framework/atmega168_16000000/libarduino.a(wiring.o)
                                                  ./cbmkeyboard.o
isspace                                           /usr/lib/gcc/avr/4.5.3/../../../../avr/lib/avr5/libc.a(isspace.o)
                                                  /usr/lib/gcc/avr/4.5.3/../../../../avr/lib/avr5/libc.a(vfscanf_std.o)
                                                  /home/grappendorf/workspace-arduino/arduino-framework/atmega168_16000000/libarduino.a(WString.o)
itoa                                              /usr/lib/gcc/avr/4.5.3/../../../../avr/lib/avr5/libc.a(itoa.o)
                                                  /home/grappendorf/workspace-arduino/arduino-framework/atmega168_16000000/libarduino.a(WString.o)
ledBlinkTimestamp                                 ./cbmkeyboard.o
ledOffTimestamp                                   ./cbmkeyboard.o
ltoa                                              /usr/lib/gcc/avr/4.5.3/../../../../avr/lib/avr5/libc.a(ltoa.o)
                                                  /home/grappendorf/workspace-arduino/arduino-framework/atmega168_16000000/libarduino.a(WString.o)
main                                              ./cbmkeyboard.o
                                                  /usr/lib/gcc/avr/4.5.3/../../../../avr/lib/avr5/crtm168.o
makeCodes                                         ./cbmkeyboard.o
makeCodesShift                                    ./cbmkeyboard.o
malloc                                            /usr/lib/gcc/avr/4.5.3/../../../../avr/lib/avr5/libc.a(malloc.o)
                                                  /usr/lib/gcc/avr/4.5.3/../../../../avr/lib/avr5/libc.a(realloc.o)
                                                  /home/grappendorf/workspace-arduino/arduino-framework/atmega168_16000000/libarduino.a(new.o)
memcpy                                            /usr/lib/gcc/avr/4.5.3/../../../../avr/lib/avr5/libc.a(memcpy.o)
                                                  /usr/lib/gcc/avr/4.5.3/../../../../avr/lib/avr5/libc.a(memmove.o)
                                                  /usr/lib/gcc/avr/4.5.3/../../../../avr/lib/avr5/libc.a(realloc.o)
                                                  /home/grappendorf/workspace-arduino/arduino-framework/atmega168_16000000/libarduino.a(WString.o)
memmove                                           /usr/lib/gcc/avr/4.5.3/../../../../avr/lib/avr5/libc.a(memmove.o)
                                                  /home/grappendorf/workspace-arduino/arduino-framework/atmega168_16000000/libarduino.a(WString.o)
micros                                            /home/grappendorf/workspace-arduino/arduino-framework/atmega168_16000000/libarduino.a(wiring.o)
millis                                            /home/grappendorf/workspace-arduino/arduino-framework/atmega168_16000000/libarduino.a(wiring.o)
                                                  ./cbmkeyboard.o
modifiers                                         ./cbmkeyboard.o
operator delete(void*)                            /home/grappendorf/workspace-arduino/arduino-framework/atmega168_16000000/libarduino.a(new.o)
                                                  /home/grappendorf/workspace-arduino/arduino-framework/atmega168_16000000/libarduino.a(HardwareSerial.o)
operator new(unsigned int)                        /home/grappendorf/workspace-arduino/arduino-framework/atmega168_16000000/libarduino.a(new.o)
operator+(StringSumHelper const&, String const&)  /home/grappendorf/workspace-arduino/arduino-framework/atmega168_16000000/libarduino.a(WString.o)
operator+(StringSumHelper const&, char const*)    /home/grappendorf/workspace-arduino/arduino-framework/atmega168_16000000/libarduino.a(WString.o)
operator+(StringSumHelper const&, char)           /home/grappendorf/workspace-arduino/arduino-framework/atmega168_16000000/libarduino.a(WString.o)
operator+(StringSumHelper const&, int)            /home/grappendorf/workspace-arduino/arduino-framework/atmega168_16000000/libarduino.a(WString.o)
operator+(StringSumHelper const&, long)           /home/grappendorf/workspace-arduino/arduino-framework/atmega168_16000000/libarduino.a(WString.o)
operator+(StringSumHelper const&, unsigned char)  /home/grappendorf/workspace-arduino/arduino-framework/atmega168_16000000/libarduino.a(WString.o)
operator+(StringSumHelper const&, unsigned int)   /home/grappendorf/workspace-arduino/arduino-framework/atmega168_16000000/libarduino.a(WString.o)
operator+(StringSumHelper const&, unsigned long)  /home/grappendorf/workspace-arduino/arduino-framework/atmega168_16000000/libarduino.a(WString.o)
pinMode                                           /home/grappendorf/workspace-arduino/arduino-framework/atmega168_16000000/libarduino.a(wiring_digital.o)
                                                  /home/grappendorf/workspace-arduino/arduino-framework/atmega168_16000000/libarduino.a(ps2dev.o)
                                                  ./cbmkeyboard.o
port_to_input_PGM                                 /home/grappendorf/workspace-arduino/arduino-framework/atmega168_16000000/libarduino.a(wiring_digital.o)
port_to_mode_PGM                                  /home/grappendorf/workspace-arduino/arduino-framework/atmega168_16000000/libarduino.a(wiring_digital.o)
port_to_output_PGM                                /home/grappendorf/workspace-arduino/arduino-framework/atmega168_16000000/libarduino.a(wiring_digital.o)
pressedKey                                        ./cbmkeyboard.o
ps2                                               ./cbmkeyboard.o
ps2Available()                                    ./cbmkeyboard.o
ps2Read()                                         ./cbmkeyboard.o
ps2Write(unsigned char)                           ./cbmkeyboard.o
readRow()                                         ./cbmkeyboard.o
realloc                                           /usr/lib/gcc/avr/4.5.3/../../../../avr/lib/avr5/libc.a(realloc.o)
                                                  /home/grappendorf/workspace-arduino/arduino-framework/atmega168_16000000/libarduino.a(WString.o)
rx_buffer                                         /home/grappendorf/workspace-arduino/arduino-framework/atmega168_16000000/libarduino.a(HardwareSerial.o)
scanKeyboard(unsigned char*)                      ./cbmkeyboard.o
selectColumn(int)                                 ./cbmkeyboard.o
sendKeyBreak()                                    ./cbmkeyboard.o
sendKeyMake()                                     ./cbmkeyboard.o
sendModifiersBreak()                              ./cbmkeyboard.o
sendModifiersMake()                               ./cbmkeyboard.o
serialEvent()                                     /home/grappendorf/workspace-arduino/arduino-framework/atmega168_16000000/libarduino.a(HardwareSerial.o)
serialEventRun()                                  /home/grappendorf/workspace-arduino/arduino-framework/atmega168_16000000/libarduino.a(HardwareSerial.o)
setup                                             ./cbmkeyboard.o
sscanf                                            /usr/lib/gcc/avr/4.5.3/../../../../avr/lib/avr5/libc.a(sscanf.o)
                                                  ./cbmkeyboard.o
store_char(unsigned char, ring_buffer*)           /home/grappendorf/workspace-arduino/arduino-framework/atmega168_16000000/libarduino.a(HardwareSerial.o)
strchr                                            /usr/lib/gcc/avr/4.5.3/../../../../avr/lib/avr5/libc.a(strchr.o)
                                                  /home/grappendorf/workspace-arduino/arduino-framework/atmega168_16000000/libarduino.a(WString.o)
strchr_P                                          /usr/lib/gcc/avr/4.5.3/../../../../avr/lib/avr5/libc.a(strchr_P.o)
                                                  /usr/lib/gcc/avr/4.5.3/../../../../avr/lib/avr5/libc.a(vfscanf_std.o)
strcmp                                            /usr/lib/gcc/avr/4.5.3/../../../../avr/lib/avr5/libc.a(strcmp.o)
                                                  /home/grappendorf/workspace-arduino/arduino-framework/atmega168_16000000/libarduino.a(WString.o)
strcpy                                            /usr/lib/gcc/avr/4.5.3/../../../../avr/lib/avr5/libc.a(strcpy.o)
                                                  /home/grappendorf/workspace-arduino/arduino-framework/atmega168_16000000/libarduino.a(WString.o)
strncmp                                           /usr/lib/gcc/avr/4.5.3/../../../../avr/lib/avr5/libc.a(strncmp.o)
                                                  /home/grappendorf/workspace-arduino/arduino-framework/atmega168_16000000/libarduino.a(WString.o)
strncpy                                           /usr/lib/gcc/avr/4.5.3/../../../../avr/lib/avr5/libc.a(strncpy.o)
                                                  /home/grappendorf/workspace-arduino/arduino-framework/atmega168_16000000/libarduino.a(WString.o)
strrchr                                           /usr/lib/gcc/avr/4.5.3/../../../../avr/lib/avr5/libc.a(strrchr.o)
                                                  /home/grappendorf/workspace-arduino/arduino-framework/atmega168_16000000/libarduino.a(WString.o)
strrev                                            /usr/lib/gcc/avr/4.5.3/../../../../avr/lib/avr5/libc.a(strrev.o)
                                                  /usr/lib/gcc/avr/4.5.3/../../../../avr/lib/avr5/libc.a(utoa.o)
                                                  /usr/lib/gcc/avr/4.5.3/../../../../avr/lib/avr5/libc.a(ultoa.o)
                                                  /usr/lib/gcc/avr/4.5.3/../../../../avr/lib/avr5/libc.a(ltoa.o)
                                                  /usr/lib/gcc/avr/4.5.3/../../../../avr/lib/avr5/libc.a(itoa.o)
strstr                                            /usr/lib/gcc/avr/4.5.3/../../../../avr/lib/avr5/libc.a(strstr.o)
                                                  /home/grappendorf/workspace-arduino/arduino-framework/atmega168_16000000/libarduino.a(WString.o)
timer0_millis                                     /home/grappendorf/workspace-arduino/arduino-framework/atmega168_16000000/libarduino.a(wiring.o)
timer0_overflow_count                             /home/grappendorf/workspace-arduino/arduino-framework/atmega168_16000000/libarduino.a(wiring.o)
tolower                                           /usr/lib/gcc/avr/4.5.3/../../../../avr/lib/avr5/libc.a(tolower.o)
                                                  /home/grappendorf/workspace-arduino/arduino-framework/atmega168_16000000/libarduino.a(WString.o)
toupper                                           /usr/lib/gcc/avr/4.5.3/../../../../avr/lib/avr5/libc.a(toupper.o)
                                                  /home/grappendorf/workspace-arduino/arduino-framework/atmega168_16000000/libarduino.a(WString.o)
tx_buffer                                         /home/grappendorf/workspace-arduino/arduino-framework/atmega168_16000000/libarduino.a(HardwareSerial.o)
typematicDelayIntervall                           ./cbmkeyboard.o
typematicDelayIntervalls                          ./cbmkeyboard.o
typematicRepeatIntervall                          ./cbmkeyboard.o
typematicRepeatIntervalls                         ./cbmkeyboard.o
typematicTimestamp                                ./cbmkeyboard.o
ultoa                                             /usr/lib/gcc/avr/4.5.3/../../../../avr/lib/avr5/libc.a(ultoa.o)
                                                  /home/grappendorf/workspace-arduino/arduino-framework/atmega168_16000000/libarduino.a(WString.o)
ungetc                                            /usr/lib/gcc/avr/4.5.3/../../../../avr/lib/avr5/libc.a(ungetc.o)
                                                  /usr/lib/gcc/avr/4.5.3/../../../../avr/lib/avr5/libc.a(vfscanf_std.o)
utoa                                              /usr/lib/gcc/avr/4.5.3/../../../../avr/lib/avr5/libc.a(utoa.o)
                                                  /home/grappendorf/workspace-arduino/arduino-framework/atmega168_16000000/libarduino.a(WString.o)
vfscanf                                           /usr/lib/gcc/avr/4.5.3/../../../../avr/lib/avr5/libc.a(vfscanf_std.o)
                                                  /usr/lib/gcc/avr/4.5.3/../../../../avr/lib/avr5/libc.a(sscanf.o)
vtable for HardwareSerial                         /home/grappendorf/workspace-arduino/arduino-framework/atmega168_16000000/libarduino.a(HardwareSerial.o)
vtable for Stream                                 /home/grappendorf/workspace-arduino/arduino-framework/atmega168_16000000/libarduino.a(HardwareSerial.o)